Archive member included to satisfy reference by file (symbol)

c:/users/demxc/appdata/roaming/code/user/globalstorage/bmd.stm32-for-vscode/@xpack-dev-tools/arm-none-eabi-gcc/12.2.1-1.2.1/.content/bin/../lib/gcc/arm-none-eabi/12.2.1/../../../../arm-none-eabi/lib/thumb/v6-m/nofp\libc_nano.a(libc_a-atexit.o)
                              c:/users/demxc/appdata/roaming/code/user/globalstorage/bmd.stm32-for-vscode/@xpack-dev-tools/arm-none-eabi-gcc/12.2.1-1.2.1/.content/bin/../lib/gcc/arm-none-eabi/12.2.1/../../../../arm-none-eabi/lib/thumb/v6-m/nofp/crt0.o (atexit)
c:/users/demxc/appdata/roaming/code/user/globalstorage/bmd.stm32-for-vscode/@xpack-dev-tools/arm-none-eabi-gcc/12.2.1-1.2.1/.content/bin/../lib/gcc/arm-none-eabi/12.2.1/../../../../arm-none-eabi/lib/thumb/v6-m/nofp\libc_nano.a(libc_a-exit.o)
                              c:/users/demxc/appdata/roaming/code/user/globalstorage/bmd.stm32-for-vscode/@xpack-dev-tools/arm-none-eabi-gcc/12.2.1-1.2.1/.content/bin/../lib/gcc/arm-none-eabi/12.2.1/../../../../arm-none-eabi/lib/thumb/v6-m/nofp/crt0.o (exit)
c:/users/demxc/appdata/roaming/code/user/globalstorage/bmd.stm32-for-vscode/@xpack-dev-tools/arm-none-eabi-gcc/12.2.1-1.2.1/.content/bin/../lib/gcc/arm-none-eabi/12.2.1/../../../../arm-none-eabi/lib/thumb/v6-m/nofp\libc_nano.a(libc_a-findfp.o)
                              c:/users/demxc/appdata/roaming/code/user/globalstorage/bmd.stm32-for-vscode/@xpack-dev-tools/arm-none-eabi-gcc/12.2.1-1.2.1/.content/bin/../lib/gcc/arm-none-eabi/12.2.1/../../../../arm-none-eabi/lib/thumb/v6-m/nofp\libc_nano.a(libc_a-exit.o) (__stdio_exit_handler)
c:/users/demxc/appdata/roaming/code/user/globalstorage/bmd.stm32-for-vscode/@xpack-dev-tools/arm-none-eabi-gcc/12.2.1-1.2.1/.content/bin/../lib/gcc/arm-none-eabi/12.2.1/../../../../arm-none-eabi/lib/thumb/v6-m/nofp\libc_nano.a(libc_a-fwalk.o)
                              c:/users/demxc/appdata/roaming/code/user/globalstorage/bmd.stm32-for-vscode/@xpack-dev-tools/arm-none-eabi-gcc/12.2.1-1.2.1/.content/bin/../lib/gcc/arm-none-eabi/12.2.1/../../../../arm-none-eabi/lib/thumb/v6-m/nofp\libc_nano.a(libc_a-findfp.o) (_fwalk_sglue)
c:/users/demxc/appdata/roaming/code/user/globalstorage/bmd.stm32-for-vscode/@xpack-dev-tools/arm-none-eabi-gcc/12.2.1-1.2.1/.content/bin/../lib/gcc/arm-none-eabi/12.2.1/../../../../arm-none-eabi/lib/thumb/v6-m/nofp\libc_nano.a(libc_a-sprintf.o)
                              build/debug/Core/Src/main.o (sprintf)
c:/users/demxc/appdata/roaming/code/user/globalstorage/bmd.stm32-for-vscode/@xpack-dev-tools/arm-none-eabi-gcc/12.2.1-1.2.1/.content/bin/../lib/gcc/arm-none-eabi/12.2.1/../../../../arm-none-eabi/lib/thumb/v6-m/nofp\libc_nano.a(libc_a-stdio.o)
                              c:/users/demxc/appdata/roaming/code/user/globalstorage/bmd.stm32-for-vscode/@xpack-dev-tools/arm-none-eabi-gcc/12.2.1-1.2.1/.content/bin/../lib/gcc/arm-none-eabi/12.2.1/../../../../arm-none-eabi/lib/thumb/v6-m/nofp\libc_nano.a(libc_a-findfp.o) (__sread)
c:/users/demxc/appdata/roaming/code/user/globalstorage/bmd.stm32-for-vscode/@xpack-dev-tools/arm-none-eabi-gcc/12.2.1-1.2.1/.content/bin/../lib/gcc/arm-none-eabi/12.2.1/../../../../arm-none-eabi/lib/thumb/v6-m/nofp\libc_nano.a(libc_a-memset.o)
                              c:/users/demxc/appdata/roaming/code/user/globalstorage/bmd.stm32-for-vscode/@xpack-dev-tools/arm-none-eabi-gcc/12.2.1-1.2.1/.content/bin/../lib/gcc/arm-none-eabi/12.2.1/../../../../arm-none-eabi/lib/thumb/v6-m/nofp/crt0.o (memset)
c:/users/demxc/appdata/roaming/code/user/globalstorage/bmd.stm32-for-vscode/@xpack-dev-tools/arm-none-eabi-gcc/12.2.1-1.2.1/.content/bin/../lib/gcc/arm-none-eabi/12.2.1/../../../../arm-none-eabi/lib/thumb/v6-m/nofp\libc_nano.a(libc_a-closer.o)
                              c:/users/demxc/appdata/roaming/code/user/globalstorage/bmd.stm32-for-vscode/@xpack-dev-tools/arm-none-eabi-gcc/12.2.1-1.2.1/.content/bin/../lib/gcc/arm-none-eabi/12.2.1/../../../../arm-none-eabi/lib/thumb/v6-m/nofp\libc_nano.a(libc_a-stdio.o) (_close_r)
c:/users/demxc/appdata/roaming/code/user/globalstorage/bmd.stm32-for-vscode/@xpack-dev-tools/arm-none-eabi-gcc/12.2.1-1.2.1/.content/bin/../lib/gcc/arm-none-eabi/12.2.1/../../../../arm-none-eabi/lib/thumb/v6-m/nofp\libc_nano.a(libc_a-reent.o)
                              c:/users/demxc/appdata/roaming/code/user/globalstorage/bmd.stm32-for-vscode/@xpack-dev-tools/arm-none-eabi-gcc/12.2.1-1.2.1/.content/bin/../lib/gcc/arm-none-eabi/12.2.1/../../../../arm-none-eabi/lib/thumb/v6-m/nofp\libc_nano.a(libc_a-closer.o) (errno)
c:/users/demxc/appdata/roaming/code/user/globalstorage/bmd.stm32-for-vscode/@xpack-dev-tools/arm-none-eabi-gcc/12.2.1-1.2.1/.content/bin/../lib/gcc/arm-none-eabi/12.2.1/../../../../arm-none-eabi/lib/thumb/v6-m/nofp\libc_nano.a(libc_a-impure.o)
[...]
Memory Configuration

Name             Origin             Length             Attributes
RAM              0x0000000020000000 0x0000000000002000 xrw
FLASH            0x0000000008000000 0x0000000000008000 xr
*default*        0x0000000000000000 0xffffffffffffffff

Linker script and memory map

LOAD c:/users/demxc/appdata/roaming/code/user/globalstorage/bmd.stm32-for-vscode/@xpack-dev-tools/arm-none-eabi-gcc/12.2.1-1.2.1/.content/bin/../lib/gcc/arm-none-eabi/12.2.1/thumb/v6-m/nofp/crti.o
LOAD c:/users/demxc/appdata/roaming/code/user/globalstorage/bmd.stm32-for-vscode/@xpack-dev-tools/arm-none-eabi-gcc/12.2.1-1.2.1/.content/bin/../lib/gcc/arm-none-eabi/12.2.1/thumb/v6-m/nofp/crtbegin.o
LOAD c:/users/demxc/appdata/roaming/code/user/globalstorage/bmd.stm32-for-vscode/@xpack-dev-tools/arm-none-eabi-gcc/12.2.1-1.2.1/.content/bin/../lib/gcc/arm-none-eabi/12.2.1/../../../../arm-none-eabi/lib/thumb/v6-m/nofp/crt0.o
LOAD build/debug/Core/Src/main.o
LOAD build/debug/Core/Src/stm32f0xx_hal_msp.o
LOAD build/debug/Core/Src/stm32f0xx_it.o
LOAD build/debug/Core/Src/system_stm32f0xx.o
LOAD build/debug/Drivers/STM32F0xx_HAL_Driver/Src/stm32f0xx_hal.o
LOAD build/debug/Drivers/STM32F0xx_HAL_Driver/Src/stm32f0xx_hal_adc.o
LOAD build/debug/Drivers/STM32F0xx_HAL_Driver/Src/stm32f0xx_hal_adc_ex.o
LOAD build/debug/Drivers/STM32F0xx_HAL_Driver/Src/stm32f0xx_hal_cortex.o
LOAD build/debug/Drivers/STM32F0xx_HAL_Driver/Src/stm32f0xx_hal_dma.o
LOAD build/debug/Drivers/STM32F0xx_HAL_Driver/Src/stm32f0xx_hal_flash.o
LOAD build/debug/Drivers/STM32F0xx_HAL_Driver/Src/stm32f0xx_hal_flash_ex.o
LOAD build/debug/Drivers/STM32F0xx_HAL_Driver/Src/stm32f0xx_hal_gpio.o
LOAD build/debug/Drivers/STM32F0xx_HAL_Driver/Src/stm32f0xx_hal_i2c.o
LOAD build/debug/Drivers/STM32F0xx_HAL_Driver/Src/stm32f0xx_hal_i2c_ex.o
LOAD build/debug/Drivers/STM32F0xx_HAL_Driver/Src/stm32f0xx_hal_pwr.o
LOAD build/debug/Drivers/STM32F0xx_HAL_Driver/Src/stm32f0xx_hal_pwr_ex.o
LOAD build/debug/Drivers/STM32F0xx_HAL_Driver/Src/stm32f0xx_hal_rcc.o
LOAD build/debug/Drivers/STM32F0xx_HAL_Driver/Src/stm32f0xx_hal_rcc_ex.o
LOAD build/debug/Drivers/STM32F0xx_HAL_Driver/Src/stm32f0xx_hal_tim.o
LOAD build/debug/Drivers/STM32F0xx_HAL_Driver/Src/stm32f0xx_hal_tim_ex.o
LOAD build/debug/Drivers/STM32F0xx_HAL_Driver/Src/stm32f0xx_ll_exti.o
LOAD build/debug/Drivers/STM32F0xx_HAL_Driver/Src/stm32f0xx_ll_gpio.o
LOAD build/debug/Drivers/STM32F0xx_HAL_Driver/Src/stm32f0xx_ll_rcc.o
LOAD build/debug/Drivers/STM32F0xx_HAL_Driver/Src/stm32f0xx_ll_utils.o
LOAD build/debug/startup_stm32f051x8.o
LOAD c:/users/demxc/appdata/roaming/code/user/globalstorage/bmd.stm32-for-vscode/@xpack-dev-tools/arm-none-eabi-gcc/12.2.1-1.2.1/.content/bin/../lib/gcc/arm-none-eabi/12.2.1/../../../../arm-none-eabi/lib/thumb/v6-m/nofp\libc_nano.a
LOAD c:/users/demxc/appdata/roaming/code/user/globalstorage/bmd.stm32-for-vscode/@xpack-dev-tools/arm-none-eabi-gcc/12.2.1-1.2.1/.content/bin/../lib/gcc/arm-none-eabi/12.2.1/../../../../arm-none-eabi/lib/thumb/v6-m/nofp\libm.a
LOAD c:/users/demxc/appdata/roaming/code/user/globalstorage/bmd.stm32-for-vscode/@xpack-dev-tools/arm-none-eabi-gcc/12.2.1-1.2.1/.content/bin/../lib/gcc/arm-none-eabi/12.2.1/../../../../arm-none-eabi/lib/thumb/v6-m/nofp\libnosys.a
START GROUP
LOAD c:/users/demxc/appdata/roaming/code/user/globalstorage/bmd.stm32-for-vscode/@xpack-dev-tools/arm-none-eabi-gcc/12.2.1-1.2.1/.content/bin/../lib/gcc/arm-none-eabi/12.2.1/thumb/v6-m/nofp\libgcc.a
LOAD c:/users/demxc/appdata/roaming/code/user/globalstorage/bmd.stm32-for-vscode/@xpack-dev-tools/arm-none-eabi-gcc/12.2.1-1.2.1/.content/bin/../lib/gcc/arm-none-eabi/12.2.1/../../../../arm-none-eabi/lib/thumb/v6-m/nofp\libc_nano.a
END GROUP
START GROUP
LOAD c:/users/demxc/appdata/roaming/code/user/globalstorage/bmd.stm32-for-vscode/@xpack-dev-tools/arm-none-eabi-gcc/12.2.1-1.2.1/.content/bin/../lib/gcc/arm-none-eabi/12.2.1/thumb/v6-m/nofp\libgcc.a
LOAD c:/users/demxc/appdata/roaming/code/user/globalstorage/bmd.stm32-for-vscode/@xpack-dev-tools/arm-none-eabi-gcc/12.2.1-1.2.1/.content/bin/../lib/gcc/arm-none-eabi/12.2.1/../../../../arm-none-eabi/lib/thumb/v6-m/nofp\libc_nano.a
END GROUP
LOAD c:/users/demxc/appdata/roaming/code/user/globalstorage/bmd.stm32-for-vscode/@xpack-dev-tools/arm-none-eabi-gcc/12.2.1-1.2.1/.content/bin/../lib/gcc/arm-none-eabi/12.2.1/thumb/v6-m/nofp/crtend.o
LOAD c:/users/demxc/appdata/roaming/code/user/globalstorage/bmd.stm32-for-vscode/@xpack-dev-tools/arm-none-eabi-gcc/12.2.1-1.2.1/.content/bin/../lib/gcc/arm-none-eabi/12.2.1/thumb/v6-m/nofp/crtn.o
                0x0000000020002000                _estack = (ORIGIN (RAM) + LENGTH (RAM))
                0x0000000000000200                _Min_Heap_Size = 0x200
                0x0000000000000400                _Min_Stack_Size = 0x400

.isr_vector     0x0000000008000000       0xc0
                0x0000000008000000                . = ALIGN (0x4)
 *(.isr_vector)
 .isr_vector    0x0000000008000000       0xc0 build/debug/startup_stm32f051x8.o
                0x0000000008000000                g_pfnVectors
                0x00000000080000c0                . = ALIGN (0x4)

.text           0x00000000080000c0     0x2dc8
                0x00000000080000c0                . = ALIGN (0x4)
 *(.text)
 .text          0x00000000080000c0       0x14 c:/users/demxc/appdata/roaming/code/user/globalstorage/bmd.stm32-for-vscode/@xpack-dev-tools/arm-none-eabi-gcc/12.2.1-1.2.1/.content/bin/../lib/gcc/arm-none-eabi/12.2.1/thumb/v6-m/nofp\libgcc.a(_thumb1_case_shi.o)
                0x00000000080000c0                __gnu_thumb1_case_shi
 .text          0x00000000080000d4      0x114 c:/users/demxc/appdata/roaming/code/user/globalstorage/bmd.stm32-for-vscode/@xpack-dev-tools/arm-none-eabi-gcc/12.2.1-1.2.1/.content/bin/../lib/gcc/arm-none-eabi/12.2.1/thumb/v6-m/nofp\libgcc.a(_udivsi3.o)
                0x00000000080000d4                __aeabi_uidiv
                0x00000000080000d4                __udivsi3
                0x00000000080001e0                __aeabi_uidivmod
 .text          0x00000000080001e8      0x1d4 c:/users/demxc/appdata/roaming/code/user/globalstorage/bmd.stm32-for-vscode/@xpack-dev-tools/arm-none-eabi-gcc/12.2.1-1.2.1/.content/bin/../lib/gcc/arm-none-eabi/12.2.1/thumb/v6-m/nofp\libgcc.a(_divsi3.o)
                0x00000000080001e8                __divsi3
                0x00000000080001e8                __aeabi_idiv
                0x00000000080003b4                __aeabi_idivmod
 .text          0x00000000080003bc        0x4 c:/users/demxc/appdata/roaming/code/user/globalstorage/bmd.stm32-for-vscode/@xpack-dev-tools/arm-none-eabi-gcc/12.2.1-1.2.1/.content/bin/../lib/gcc/arm-none-eabi/12.2.1/thumb/v6-m/nofp\libgcc.a(_dvmd_tls.o)
                0x00000000080003bc                __aeabi_idiv0
                0x00000000080003bc                __aeabi_ldiv0
 *(.text*)
 .text.__do_global_dtors_aux
                0x00000000080003c0       0x28 c:/users/demxc/appdata/roaming/code/user/globalstorage/bmd.stm32-for-vscode/@xpack-dev-tools/arm-none-eabi-gcc/12.2.1-1.2.1/.content/bin/../lib/gcc/arm-none-eabi/12.2.1/thumb/v6-m/nofp/crtbegin.o
 .text.frame_dummy
                0x00000000080003e8       0x20 c:/users/demxc/appdata/roaming/code/user/globalstorage/bmd.stm32-for-vscode/@xpack-dev-tools/arm-none-eabi-gcc/12.2.1-1.2.1/.content/bin/../lib/gcc/arm-none-eabi/12.2.1/thumb/v6-m/nofp/crtbegin.o
 .text.init_spi
                0x0000000008000408       0x90 build/debug/Core/Src/main.o
 .text.spi_delay
                0x0000000008000498       0x20 build/debug/Core/Src/main.o
 .text.write_to_address
                0x00000000080004b8       0xb4 build/debug/Core/Src/main.o
 .text.read_from_address
                0x000000000800056c       0x84 build/debug/Core/Src/main.o
 .text.MX_GPIO_Init
                0x00000000080005f0       0xc8 build/debug/Core/Src/main.o
 .text.delay    0x00000000080006b8       0x20 build/debug/Core/Src/main.o
                0x00000000080006b8                delay
 .text.pulse_strobe
                0x00000000080006d8       0x38 build/debug/Core/Src/main.o
                0x00000000080006d8                pulse_strobe
 .text.lcd_putchar
                0x0000000008000710      0x124 build/debug/Core/Src/main.o
                0x0000000008000710                lcd_putchar
 .text.lcd_putstring
                0x0000000008000834       0x18 build/debug/Core/Src/main.o
                0x0000000008000834                lcd_putstring
 .text.lcd_command
                0x000000000800084c      0x130 build/debug/Core/Src/main.o
                0x000000000800084c                lcd_command
 .text.init_LCD
                0x000000000800097c       0x80 build/debug/Core/Src/main.o
                0x000000000800097c                init_LCD
 .text.UpdateTimer16Period
                0x00000000080009fc       0x18 build/debug/Core/Src/main.o
                0x00000000080009fc                UpdateTimer16Period
 .text.EXTI0_1_IRQHandler
                0x0000000008000a14       0x68 build/debug/Core/Src/main.o
                0x0000000008000a14                EXTI0_1_IRQHandler
 .text.TIM6_DAC_IRQHandler
                0x0000000008000a7c       0x1c build/debug/Core/Src/main.o
                0x0000000008000a7c                TIM6_DAC_IRQHandler
 .text.writeLCD
                0x0000000008000a98       0x24 build/debug/Core/Src/main.o
                0x0000000008000a98                writeLCD
 .text.TIM16_IRQHandler
                0x0000000008000abc       0x6c build/debug/Core/Src/main.o
                0x0000000008000abc                TIM16_IRQHandler
 .text.pollADC  0x0000000008000b28       0x2c build/debug/Core/Src/main.o
                0x0000000008000b28                pollADC
 .text.ADCtoCCR
                0x0000000008000b54       0x10 build/debug/Core/Src/main.o
                0x0000000008000b54                ADCtoCCR
 .text.ADC1_COMP_IRQHandler
                0x0000000008000b64       0x20 build/debug/Core/Src/main.o
                0x0000000008000b64                ADC1_COMP_IRQHandler
 .text.Error_Handler
                0x0000000008000b84        0x4 build/debug/Core/Src/main.o
                0x0000000008000b84                Error_Handler
 .text.MX_ADC_Init
                0x0000000008000b88       0x9c build/debug/Core/Src/main.o
 .text.MX_TIM3_Init
                0x0000000008000c24       0xb0 build/debug/Core/Src/main.o
 .text.MX_TIM16_Init
                0x0000000008000cd4       0x48 build/debug/Core/Src/main.o
 .text.MX_TIM6_Init
                0x0000000008000d1c       0x68 build/debug/Core/Src/main.o
 .text.SystemClock_Config
                0x0000000008000d84       0xa4 build/debug/Core/Src/main.o
                0x0000000008000d84                SystemClock_Config
 .text.main     0x0000000008000e28       0x70 build/debug/Core/Src/main.o
                0x0000000008000e28                main
 .text.HAL_MspInit
                0x0000000008000e98       0x30 build/debug/Core/Src/stm32f0xx_hal_msp.o
                0x0000000008000e98                HAL_MspInit
 .text.HAL_ADC_MspInit
                0x0000000008000ec8       0x60 build/debug/Core/Src/stm32f0xx_hal_msp.o
                0x0000000008000ec8                HAL_ADC_MspInit
 .text.HAL_TIM_Base_MspInit
                0x0000000008000f28       0x68 build/debug/Core/Src/stm32f0xx_hal_msp.o
                0x0000000008000f28                HAL_TIM_Base_MspInit
 .text.HAL_TIM_MspPostInit
                0x0000000008000f90       0x50 build/debug/Core/Src/stm32f0xx_hal_msp.o
                0x0000000008000f90                HAL_TIM_MspPostInit
 .text.NMI_Handler
                0x0000000008000fe0        0x2 build/debug/Core/Src/stm32f0xx_it.o
                0x0000000008000fe0                NMI_Handler
 .text.HardFault_Handler
                0x0000000008000fe2        0x2 build/debug/Core/Src/stm32f0xx_it.o
                0x0000000008000fe2                HardFault_Handler
 .text.SVC_Handler
                0x0000000008000fe4        0x2 build/debug/Core/Src/stm32f0xx_it.o
                0x0000000008000fe4                SVC_Handler
 .text.PendSV_Handler
                0x0000000008000fe6        0x2 build/debug/Core/Src/stm32f0xx_it.o
                0x0000000008000fe6                PendSV_Handler
 .text.SysTick_Handler
                0x0000000008000fe8        0x8 build/debug/Core/Src/stm32f0xx_it.o
                0x0000000008000fe8                SysTick_Handler
 .text.SystemInit
                0x0000000008000ff0        0x2 build/debug/Core/Src/system_stm32f0xx.o
                0x0000000008000ff0                SystemInit
 *fill*         0x0000000008000ff2        0x2 
 .text.HAL_InitTick
                0x0000000008000ff4       0x50 build/debug/Drivers/STM32F0xx_HAL_Driver/Src/stm32f0xx_hal.o
                0x0000000008000ff4                HAL_InitTick
 .text.HAL_Init
                0x0000000008001044       0x20 build/debug/Drivers/STM32F0xx_HAL_Driver/Src/stm32f0xx_hal.o
                0x0000000008001044                HAL_Init
 .text.HAL_IncTick
                0x0000000008001064       0x18 build/debug/Drivers/STM32F0xx_HAL_Driver/Src/stm32f0xx_hal.o
                0x0000000008001064                HAL_IncTick
 .text.HAL_GetTick
                0x000000000800107c        0xc build/debug/Drivers/STM32F0xx_HAL_Driver/Src/stm32f0xx_hal.o
                0x000000000800107c                HAL_GetTick
 .text.ADC_ConversionStop
                0x0000000008001088       0x5c build/debug/Drivers/STM32F0xx_HAL_Driver/Src/stm32f0xx_hal_adc.o
 .text.ADC_Disable
                0x00000000080010e4       0x88 build/debug/Drivers/STM32F0xx_HAL_Driver/Src/stm32f0xx_hal_adc.o
 .text.ADC_Enable
                0x000000000800116c       0xb0 build/debug/Drivers/STM32F0xx_HAL_Driver/Src/stm32f0xx_hal_adc.o
 .text.HAL_ADC_Init
                0x000000000800121c      0x184 build/debug/Drivers/STM32F0xx_HAL_Driver/Src/stm32f0xx_hal_adc.o
                0x000000000800121c                HAL_ADC_Init
 .text.HAL_ADC_Start
                0x00000000080013a0       0x60 build/debug/Drivers/STM32F0xx_HAL_Driver/Src/stm32f0xx_hal_adc.o
                0x00000000080013a0                HAL_ADC_Start
 .text.HAL_ADC_Stop
                0x0000000008001400       0x44 build/debug/Drivers/STM32F0xx_HAL_Driver/Src/stm32f0xx_hal_adc.o
                0x0000000008001400                HAL_ADC_Stop
 .text.HAL_ADC_PollForConversion
                0x0000000008001444       0xc8 build/debug/Drivers/STM32F0xx_HAL_Driver/Src/stm32f0xx_hal_adc.o
                0x0000000008001444                HAL_ADC_PollForConversion
 .text.HAL_ADC_GetValue
                0x000000000800150c        0x6 build/debug/Drivers/STM32F0xx_HAL_Driver/Src/stm32f0xx_hal_adc.o
                0x000000000800150c                HAL_ADC_GetValue
 .text.HAL_ADC_ConvCpltCallback
                0x0000000008001512        0x2 build/debug/Drivers/STM32F0xx_HAL_Driver/Src/stm32f0xx_hal_adc.o
                0x0000000008001512                HAL_ADC_ConvCpltCallback
 .text.HAL_ADC_LevelOutOfWindowCallback
                0x0000000008001514        0x2 build/debug/Drivers/STM32F0xx_HAL_Driver/Src/stm32f0xx_hal_adc.o
                0x0000000008001514                HAL_ADC_LevelOutOfWindowCallback
 .text.HAL_ADC_ErrorCallback
                0x0000000008001516        0x2 build/debug/Drivers/STM32F0xx_HAL_Driver/Src/stm32f0xx_hal_adc.o
                0x0000000008001516                HAL_ADC_ErrorCallback
 .text.HAL_ADC_IRQHandler
                0x0000000008001518       0xd0 build/debug/Drivers/STM32F0xx_HAL_Driver/Src/stm32f0xx_hal_adc.o
                0x0000000008001518                HAL_ADC_IRQHandler
 .text.HAL_ADC_ConfigChannel
                0x00000000080015e8      0x134 build/debug/Drivers/STM32F0xx_HAL_Driver/Src/stm32f0xx_hal_adc.o
                0x00000000080015e8                HAL_ADC_ConfigChannel
 .text.__NVIC_SetPriority
                0x000000000800171c       0x60 build/debug/Drivers/STM32F0xx_HAL_Driver/Src/stm32f0xx_hal_cortex.o
 .text.SysTick_Config
                0x000000000800177c       0x38 build/debug/Drivers/STM32F0xx_HAL_Driver/Src/stm32f0xx_hal_cortex.o
 .text.HAL_NVIC_SetPriority
                0x00000000080017b4        0x8 build/debug/Drivers/STM32F0xx_HAL_Driver/Src/stm32f0xx_hal_cortex.o
                0x00000000080017b4                HAL_NVIC_SetPriority
 .text.HAL_NVIC_EnableIRQ
                0x00000000080017bc       0x18 build/debug/Drivers/STM32F0xx_HAL_Driver/Src/stm32f0xx_hal_cortex.o
                0x00000000080017bc                HAL_NVIC_EnableIRQ
 .text.HAL_SYSTICK_Config
                0x00000000080017d4        0x8 build/debug/Drivers/STM32F0xx_HAL_Driver/Src/stm32f0xx_hal_cortex.o
                0x00000000080017d4                HAL_SYSTICK_Config
 .text.HAL_GPIO_Init
                0x00000000080017dc      0x188 build/debug/Drivers/STM32F0xx_HAL_Driver/Src/stm32f0xx_hal_gpio.o
                0x00000000080017dc                HAL_GPIO_Init
 .text.HAL_GPIO_ReadPin
                0x0000000008001964        0xe build/debug/Drivers/STM32F0xx_HAL_Driver/Src/stm32f0xx_hal_gpio.o
                0x0000000008001964                HAL_GPIO_ReadPin
 .text.HAL_GPIO_WritePin
                0x0000000008001972        0xc build/debug/Drivers/STM32F0xx_HAL_Driver/Src/stm32f0xx_hal_gpio.o
                0x0000000008001972                HAL_GPIO_WritePin
 .text.HAL_GPIO_TogglePin
                0x000000000800197e       0x10 build/debug/Drivers/STM32F0xx_HAL_Driver/Src/stm32f0xx_hal_gpio.o
                0x000000000800197e                HAL_GPIO_TogglePin
 .text.HAL_GPIO_EXTI_Callback
                0x000000000800198e        0x2 build/debug/Drivers/STM32F0xx_HAL_Driver/Src/stm32f0xx_hal_gpio.o
                0x000000000800198e                HAL_GPIO_EXTI_Callback
 .text.HAL_GPIO_EXTI_IRQHandler
                0x0000000008001990       0x1c build/debug/Drivers/STM32F0xx_HAL_Driver/Src/stm32f0xx_hal_gpio.o
                0x0000000008001990                HAL_GPIO_EXTI_IRQHandler
 .text.TIM_OC1_SetConfig
                0x00000000080019ac       0x8c build/debug/Drivers/STM32F0xx_HAL_Driver/Src/stm32f0xx_hal_tim.o
 .text.TIM_OC3_SetConfig
                0x0000000008001a38       0x8c build/debug/Drivers/STM32F0xx_HAL_Driver/Src/stm32f0xx_hal_tim.o
 .text.TIM_OC4_SetConfig
                0x0000000008001ac4       0x74 build/debug/Drivers/STM32F0xx_HAL_Driver/Src/stm32f0xx_hal_tim.o
 .text.TIM_TI1_ConfigInputStage
                0x0000000008001b38       0x22 build/debug/Drivers/STM32F0xx_HAL_Driver/Src/stm32f0xx_hal_tim.o
 *fill*         0x0000000008001b5a        0x2 
 .text.TIM_TI2_ConfigInputStage
                0x0000000008001b5c       0x28 build/debug/Drivers/STM32F0xx_HAL_Driver/Src/stm32f0xx_hal_tim.o
 .text.TIM_ITRx_SetConfig
                0x0000000008001b84       0x10 build/debug/Drivers/STM32F0xx_HAL_Driver/Src/stm32f0xx_hal_tim.o
 .text.HAL_TIM_Base_Start
                0x0000000008001b94       0x60 build/debug/Drivers/STM32F0xx_HAL_Driver/Src/stm32f0xx_hal_tim.o
                0x0000000008001b94                HAL_TIM_Base_Start
 .text.HAL_TIM_Base_Start_IT
                0x0000000008001bf4       0x6c build/debug/Drivers/STM32F0xx_HAL_Driver/Src/stm32f0xx_hal_tim.o
                0x0000000008001bf4                HAL_TIM_Base_Start_IT
 .text.HAL_TIM_PWM_MspInit
                0x0000000008001c60        0x2 build/debug/Drivers/STM32F0xx_HAL_Driver/Src/stm32f0xx_hal_tim.o
                0x0000000008001c60                HAL_TIM_PWM_MspInit
 .text.HAL_TIM_PeriodElapsedCallback
                0x0000000008001c62        0x2 build/debug/Drivers/STM32F0xx_HAL_Driver/Src/stm32f0xx_hal_tim.o
                0x0000000008001c62                HAL_TIM_PeriodElapsedCallback
 .text.HAL_TIM_OC_DelayElapsedCallback
                0x0000000008001c64        0x2 build/debug/Drivers/STM32F0xx_HAL_Driver/Src/stm32f0xx_hal_tim.o
                0x0000000008001c64                HAL_TIM_OC_DelayElapsedCallback
 .text.HAL_TIM_IC_CaptureCallback
                0x0000000008001c66        0x2 build/debug/Drivers/STM32F0xx_HAL_Driver/Src/stm32f0xx_hal_tim.o
                0x0000000008001c66                HAL_TIM_IC_CaptureCallback
 .text.HAL_TIM_PWM_PulseFinishedCallback
                0x0000000008001c68        0x2 build/debug/Drivers/STM32F0xx_HAL_Driver/Src/stm32f0xx_hal_tim.o
                0x0000000008001c68                HAL_TIM_PWM_PulseFinishedCallback
 .text.HAL_TIM_TriggerCallback
                0x0000000008001c6a        0x2 build/debug/Drivers/STM32F0xx_HAL_Driver/Src/stm32f0xx_hal_tim.o
                0x0000000008001c6a                HAL_TIM_TriggerCallback
 .text.HAL_TIM_IRQHandler
                0x0000000008001c6c      0x15a build/debug/Drivers/STM32F0xx_HAL_Driver/Src/stm32f0xx_hal_tim.o
                0x0000000008001c6c                HAL_TIM_IRQHandler
 *fill*         0x0000000008001dc6        0x2 
 .text.TIM_Base_SetConfig
                0x0000000008001dc8       0xa4 build/debug/Drivers/STM32F0xx_HAL_Driver/Src/stm32f0xx_hal_tim.o
                0x0000000008001dc8                TIM_Base_SetConfig
 .text.HAL_TIM_Base_Init
                0x0000000008001e6c       0x58 build/debug/Drivers/STM32F0xx_HAL_Driver/Src/stm32f0xx_hal_tim.o
                0x0000000008001e6c                HAL_TIM_Base_Init
 .text.HAL_TIM_PWM_Init
                0x0000000008001ec4       0x58 build/debug/Drivers/STM32F0xx_HAL_Driver/Src/stm32f0xx_hal_tim.o
                0x0000000008001ec4                HAL_TIM_PWM_Init
 .text.TIM_OC2_SetConfig
                0x0000000008001f1c       0x84 build/debug/Drivers/STM32F0xx_HAL_Driver/Src/stm32f0xx_hal_tim.o
                0x0000000008001f1c                TIM_OC2_SetConfig
 .text.HAL_TIM_PWM_ConfigChannel
                0x0000000008001fa0       0xf0 build/debug/Drivers/STM32F0xx_HAL_Driver/Src/stm32f0xx_hal_tim.o
                0x0000000008001fa0                HAL_TIM_PWM_ConfigChannel
 .text.TIM_ETR_SetConfig
                0x0000000008002090       0x18 build/debug/Drivers/STM32F0xx_HAL_Driver/Src/stm32f0xx_hal_tim.o
                0x0000000008002090                TIM_ETR_SetConfig
 .text.HAL_TIM_ConfigClockSource
                0x00000000080020a8      0x108 build/debug/Drivers/STM32F0xx_HAL_Driver/Src/stm32f0xx_hal_tim.o
                0x00000000080020a8                HAL_TIM_ConfigClockSource
 .text.TIM_CCxChannelCmd
                0x00000000080021b0       0x1a build/debug/Drivers/STM32F0xx_HAL_Driver/Src/stm32f0xx_hal_tim.o
                0x00000000080021b0                TIM_CCxChannelCmd
 *fill*         0x00000000080021ca        0x2 
 .text.HAL_TIM_PWM_Start
                0x00000000080021cc       0xfc build/debug/Drivers/STM32F0xx_HAL_Driver/Src/stm32f0xx_hal_tim.o
                0x00000000080021cc                HAL_TIM_PWM_Start
 .text.HAL_TIMEx_MasterConfigSynchronization
                0x00000000080022c8       0x6c build/debug/Drivers/STM32F0xx_HAL_Driver/Src/stm32f0xx_hal_tim_ex.o
                0x00000000080022c8                HAL_TIMEx_MasterConfigSynchronization
 .text.HAL_TIMEx_CommutCallback
                0x0000000008002334        0x2 build/debug/Drivers/STM32F0xx_HAL_Driver/Src/stm32f0xx_hal_tim_ex.o
                0x0000000008002334                HAL_TIMEx_CommutCallback
 .text.HAL_TIMEx_BreakCallback
                0x0000000008002336        0x2 build/debug/Drivers/STM32F0xx_HAL_Driver/Src/stm32f0xx_hal_tim_ex.o
                0x0000000008002336                HAL_TIMEx_BreakCallback
 .text.LL_EXTI_Init
                0x0000000008002338       0xc8 build/debug/Drivers/STM32F0xx_HAL_Driver/Src/stm32f0xx_ll_exti.o
                0x0000000008002338                LL_EXTI_Init
 .text.LL_GPIO_Init
                0x0000000008002400       0xb8 build/debug/Drivers/STM32F0xx_HAL_Driver/Src/stm32f0xx_ll_gpio.o
                0x0000000008002400                LL_GPIO_Init
 .text.LL_SetSystemCoreClock
                0x00000000080024b8        0xc build/debug/Drivers/STM32F0xx_HAL_Driver/Src/stm32f0xx_ll_utils.o
                0x00000000080024b8                LL_SetSystemCoreClock
 .text.Reset_Handler
                0x00000000080024c4       0x50 build/debug/startup_stm32f051x8.o
                0x00000000080024c4                Reset_Handler
 .text.Default_Handler
                0x0000000008002514        0x2 build/debug/startup_stm32f051x8.o
                0x0000000008002514                TIM1_CC_IRQHandler
                0x0000000008002514                TSC_IRQHandler
                0x0000000008002514                PVD_IRQHandler
                0x0000000008002514                I2C1_IRQHandler
                0x0000000008002514                RCC_CRS_IRQHandler
                0x0000000008002514                SPI1_IRQHandler
                0x0000000008002514                EXTI2_3_IRQHandler
                0x0000000008002514                I2C2_IRQHandler
                0x0000000008002514                TIM17_IRQHandler
                0x0000000008002514                CEC_CAN_IRQHandler
                0x0000000008002514                RTC_IRQHandler
                0x0000000008002514                TIM3_IRQHandler
                0x0000000008002514                EXTI4_15_IRQHandler
                0x0000000008002514                DMA1_Channel1_IRQHandler
                0x0000000008002514                Default_Handler
                0x0000000008002514                TIM14_IRQHandler
                0x0000000008002514                DMA1_Channel4_5_IRQHandler
                0x0000000008002514                TIM15_IRQHandler
                0x0000000008002514                SPI2_IRQHandler
                0x0000000008002514                WWDG_IRQHandler
                0x0000000008002514                TIM2_IRQHandler
                0x0000000008002514                DMA1_Channel2_3_IRQHandler
                0x0000000008002514                USART2_IRQHandler
                0x0000000008002514                FLASH_IRQHandler
                0x0000000008002514                USART1_IRQHandler
                0x0000000008002514                TIM1_BRK_UP_TRG_COM_IRQHandler
 *fill*         0x0000000008002516        0x2 
 .text.sprintf  0x0000000008002518       0x40 c:/users/demxc/appdata/roaming/code/user/globalstorage/bmd.stm32-for-vscode/@xpack-dev-tools/arm-none-eabi-gcc/12.2.1-1.2.1/.content/bin/../lib/gcc/arm-none-eabi/12.2.1/../../../../arm-none-eabi/lib/thumb/v6-m/nofp\libc_nano.a(libc_a-sprintf.o)
                0x0000000008002518                siprintf
                0x0000000008002518                sprintf
 .text.memset   0x0000000008002558       0x10 c:/users/demxc/appdata/roaming/code/user/globalstorage/bmd.stm32-for-vscode/@xpack-dev-tools/arm-none-eabi-gcc/12.2.1-1.2.1/.content/bin/../lib/gcc/arm-none-eabi/12.2.1/../../../../arm-none-eabi/lib/thumb/v6-m/nofp\libc_nano.a(libc_a-memset.o)
                0x0000000008002558                memset
 .text.__libc_init_array
                0x0000000008002568       0x48 c:/users/demxc/appdata/roaming/code/user/globalstorage/bmd.stm32-for-vscode/@xpack-dev-tools/arm-none-eabi-gcc/12.2.1-1.2.1/.content/bin/../lib/gcc/arm-none-eabi/12.2.1/../../../../arm-none-eabi/lib/thumb/v6-m/nofp\libc_nano.a(libc_a-init.o)
                0x0000000008002568                __libc_init_array
 .text.__retarget_lock_acquire_recursive
                0x00000000080025b0        0x2 c:/users/demxc/appdata/roaming/code/user/globalstorage/bmd.stm32-for-vscode/@xpack-dev-tools/arm-none-eabi-gcc/12.2.1-1.2.1/.content/bin/../lib/gcc/arm-none-eabi/12.2.1/../../../../arm-none-eabi/lib/thumb/v6-m/nofp\libc_nano.a(libc_a-lock.o)
                0x00000000080025b0                __retarget_lock_acquire_recursive
 .text.__retarget_lock_release_recursive
                0x00000000080025b2        0x2 c:/users/demxc/appdata/roaming/code/user/globalstorage/bmd.stm32-for-vscode/@xpack-dev-tools/arm-none-eabi-gcc/12.2.1-1.2.1/.content/bin/../lib/gcc/arm-none-eabi/12.2.1/../../../../arm-none-eabi/lib/thumb/v6-m/nofp\libc_nano.a(libc_a-lock.o)
                0x00000000080025b2                __retarget_lock_release_recursive
 .text._free_r  0x00000000080025b4       0x94 c:/users/demxc/appdata/roaming/code/user/globalstorage/bmd.stm32-for-vscode/@xpack-dev-tools/arm-none-eabi-gcc/12.2.1-1.2.1/.content/bin/../lib/gcc/arm-none-eabi/12.2.1/../../../../arm-none-eabi/lib/thumb/v6-m/nofp\libc_nano.a(libc_a-freer.o)
                0x00000000080025b4                _free_r
 .text.sbrk_aligned
                0x0000000008002648       0x44 c:/users/demxc/appdata/roaming/code/user/globalstorage/bmd.stm32-for-vscode/@xpack-dev-tools/arm-none-eabi-gcc/12.2.1-1.2.1/.content/bin/../lib/gcc/arm-none-eabi/12.2.1/../../../../arm-none-eabi/lib/thumb/v6-m/nofp\libc_nano.a(libc_a-mallocr.o)
 .text._malloc_r
                0x000000000800268c       0xf4 c:/users/demxc/appdata/roaming/code/user/globalstorage/bmd.stm32-for-vscode/@xpack-dev-tools/arm-none-eabi-gcc/12.2.1-1.2.1/.content/bin/../lib/gcc/arm-none-eabi/12.2.1/../../../../arm-none-eabi/lib/thumb/v6-m/nofp\libc_nano.a(libc_a-mallocr.o)
                0x000000000800268c                _malloc_r
 .text.__malloc_lock
                0x0000000008002780       0x10 c:/users/demxc/appdata/roaming/code/user/globalstorage/bmd.stm32-for-vscode/@xpack-dev-tools/arm-none-eabi-gcc/12.2.1-1.2.1/.content/bin/../lib/gcc/arm-none-eabi/12.2.1/../../../../arm-none-eabi/lib/thumb/v6-m/nofp\libc_nano.a(libc_a-mlock.o)
                0x0000000008002780                __malloc_lock
 .text.__malloc_unlock
                0x0000000008002790       0x10 c:/users/demxc/appdata/roaming/code/user/globalstorage/bmd.stm32-for-vscode/@xpack-dev-tools/arm-none-eabi-gcc/12.2.1-1.2.1/.content/bin/../lib/gcc/arm-none-eabi/12.2.1/../../../../arm-none-eabi/lib/thumb/v6-m/nofp\libc_nano.a(libc_a-mlock.o)
                0x0000000008002790                __malloc_unlock
 .text.__ssputs_r
                0x00000000080027a0       0xc0 c:/users/demxc/appdata/roaming/code/user/globalstorage/bmd.stm32-for-vscode/@xpack-dev-tools/arm-none-eabi-gcc/12.2.1-1.2.1/.content/bin/../lib/gcc/arm-none-eabi/12.2.1/../../../../arm-none-eabi/lib/thumb/v6-m/nofp\libc_nano.a(libc_a-nano-svfprintf.o)
                0x00000000080027a0                __ssputs_r
 .text._svfprintf_r
                0x0000000008002860      0x1fc c:/users/demxc/appdata/roaming/code/user/globalstorage/bmd.stm32-for-vscode/@xpack-dev-tools/arm-none-eabi-gcc/12.2.1-1.2.1/.content/bin/../lib/gcc/arm-none-eabi/12.2.1/../../../../arm-none-eabi/lib/thumb/v6-m/nofp\libc_nano.a(libc_a-nano-svfprintf.o)
                0x0000000008002860                _svfiprintf_r
                0x0000000008002860                _svfprintf_r
 .text._printf_common
                0x0000000008002a5c       0xde c:/users/demxc/appdata/roaming/code/user/globalstorage/bmd.stm32-for-vscode/@xpack-dev-tools/arm-none-eabi-gcc/12.2.1-1.2.1/.content/bin/../lib/gcc/arm-none-eabi/12.2.1/../../../../arm-none-eabi/lib/thumb/v6-m/nofp\libc_nano.a(libc_a-nano-vfprintf_i.o)
                0x0000000008002a5c                _printf_common
 *fill*         0x0000000008002b3a        0x2 
 .text._printf_i
                0x0000000008002b3c      0x234 c:/users/demxc/appdata/roaming/code/user/globalstorage/bmd.stm32-for-vscode/@xpack-dev-tools/arm-none-eabi-gcc/12.2.1-1.2.1/.content/bin/../lib/gcc/arm-none-eabi/12.2.1/../../../../arm-none-eabi/lib/thumb/v6-m/nofp\libc_nano.a(libc_a-nano-vfprintf_i.o)
                0x0000000008002b3c                _printf_i
 .text.memmove  0x0000000008002d70       0x26 c:/users/demxc/appdata/roaming/code/user/globalstorage/bmd.stm32-for-vscode/@xpack-dev-tools/arm-none-eabi-gcc/12.2.1-1.2.1/.content/bin/../lib/gcc/arm-none-eabi/12.2.1/../../../../arm-none-eabi/lib/thumb/v6-m/nofp\libc_nano.a(libc_a-memmove.o)
                0x0000000008002d70                memmove
 *fill*         0x0000000008002d96        0x2 
 .text._sbrk_r  0x0000000008002d98       0x24 c:/users/demxc/appdata/roaming/code/user/globalstorage/bmd.stm32-for-vscode/@xpack-dev-tools/arm-none-eabi-gcc/12.2.1-1.2.1/.content/bin/../lib/gcc/arm-none-eabi/12.2.1/../../../../arm-none-eabi/lib/thumb/v6-m/nofp\libc_nano.a(libc_a-sbrkr.o)
                0x0000000008002d98                _sbrk_r
 .text.memchr   0x0000000008002dbc       0x16 c:/users/demxc/appdata/roaming/code/user/globalstorage/bmd.stm32-for-vscode/@xpack-dev-tools/arm-none-eabi-gcc/12.2.1-1.2.1/.content/bin/../lib/gcc/arm-none-eabi/12.2.1/../../../../arm-none-eabi/lib/thumb/v6-m/nofp\libc_nano.a(libc_a-memchr-stub.o)
                0x0000000008002dbc                memchr
 .text.memcpy   0x0000000008002dd2       0x12 c:/users/demxc/appdata/roaming/code/user/globalstorage/bmd.stm32-for-vscode/@xpack-dev-tools/arm-none-eabi-gcc/12.2.1-1.2.1/.content/bin/../lib/gcc/arm-none-eabi/12.2.1/../../../../arm-none-eabi/lib/thumb/v6-m/nofp\libc_nano.a(libc_a-memcpy-stub.o)
                0x0000000008002dd2                memcpy
 .text._realloc_r
                0x0000000008002de4       0x5e c:/users/demxc/appdata/roaming/code/user/globalstorage/bmd.stm32-for-vscode/@xpack-dev-tools/arm-none-eabi-gcc/12.2.1-1.2.1/.content/bin/../lib/gcc/arm-none-eabi/12.2.1/../../../../arm-none-eabi/lib/thumb/v6-m/nofp\libc_nano.a(libc_a-reallocr.o)
                0x0000000008002de4                _realloc_r
 .text._malloc_usable_size_r
                0x0000000008002e42       0x10 c:/users/demxc/appdata/roaming/code/user/globalstorage/bmd.stm32-for-vscode/@xpack-dev-tools/arm-none-eabi-gcc/12.2.1-1.2.1/.content/bin/../lib/gcc/arm-none-eabi/12.2.1/../../../../arm-none-eabi/lib/thumb/v6-m/nofp\libc_nano.a(libc_a-msizer.o)
                0x0000000008002e42                _malloc_usable_size_r
 *fill*         0x0000000008002e52        0x2 
 .text._sbrk    0x0000000008002e54       0x1c c:/users/demxc/appdata/roaming/code/user/globalstorage/bmd.stm32-for-vscode/@xpack-dev-tools/arm-none-eabi-gcc/12.2.1-1.2.1/.content/bin/../lib/gcc/arm-none-eabi/12.2.1/../../../../arm-none-eabi/lib/thumb/v6-m/nofp\libnosys.a(sbrk.o)
                0x0000000008002e54                _sbrk
 *(.glue_7)
 .glue_7        0x0000000008002e70        0x0 linker stubs
 *(.glue_7t)
 .glue_7t       0x0000000008002e70        0x0 linker stubs
 *(.eh_frame)
 .eh_frame      0x0000000008002e70        0x0 c:/users/demxc/appdata/roaming/code/user/globalstorage/bmd.stm32-for-vscode/@xpack-dev-tools/arm-none-eabi-gcc/12.2.1-1.2.1/.content/bin/../lib/gcc/arm-none-eabi/12.2.1/thumb/v6-m/nofp/crtbegin.o
 *(.init)
 .init          0x0000000008002e70        0x4 c:/users/demxc/appdata/roaming/code/user/globalstorage/bmd.stm32-for-vscode/@xpack-dev-tools/arm-none-eabi-gcc/12.2.1-1.2.1/.content/bin/../lib/gcc/arm-none-eabi/12.2.1/thumb/v6-m/nofp/crti.o
                0x0000000008002e70                _init
 .init          0x0000000008002e74        0x8 c:/users/demxc/appdata/roaming/code/user/globalstorage/bmd.stm32-for-vscode/@xpack-dev-tools/arm-none-eabi-gcc/12.2.1-1.2.1/.content/bin/../lib/gcc/arm-none-eabi/12.2.1/thumb/v6-m/nofp/crtn.o
 *(.fini)
 .fini          0x0000000008002e7c        0x4 c:/users/demxc/appdata/roaming/code/user/globalstorage/bmd.stm32-for-vscode/@xpack-dev-tools/arm-none-eabi-gcc/12.2.1-1.2.1/.content/bin/../lib/gcc/arm-none-eabi/12.2.1/thumb/v6-m/nofp/crti.o
                0x0000000008002e7c                _fini
 .fini          0x0000000008002e80        0x8 c:/users/demxc/appdata/roaming/code/user/globalstorage/bmd.stm32-for-vscode/@xpack-dev-tools/arm-none-eabi-gcc/12.2.1-1.2.1/.content/bin/../lib/gcc/arm-none-eabi/12.2.1/thumb/v6-m/nofp/crtn.o
                0x0000000008002e88                . = ALIGN (0x4)
                0x0000000008002e88                _etext = .

.vfp11_veneer   0x0000000008002e88        0x0
 .vfp11_veneer  0x0000000008002e88        0x0 linker stubs

.v4_bx          0x0000000008002e88        0x0
 .v4_bx         0x0000000008002e88        0x0 linker stubs

.iplt           0x0000000008002e88        0x0
 .iplt          0x0000000008002e88        0x0 c:/users/demxc/appdata/roaming/code/user/globalstorage/bmd.stm32-for-vscode/@xpack-dev-tools/arm-none-eabi-gcc/12.2.1-1.2.1/.content/bin/../lib/gcc/arm-none-eabi/12.2.1/thumb/v6-m/nofp/crtbegin.o

.rodata         0x0000000008002e88       0x54
                0x0000000008002e88                . = ALIGN (0x4)
 *(.rodata)
 *(.rodata*)
 .rodata.writeLCD.str1.4
                0x0000000008002e88        0xd build/debug/Core/Src/main.o
 *fill*         0x0000000008002e95        0x3 
 .rodata.TIM16_IRQHandler.str1.4
                0x0000000008002e98        0xf build/debug/Core/Src/main.o
 .rodata._svfprintf_r.str1.1
                0x0000000008002ea7       0x11 c:/users/demxc/appdata/roaming/code/user/globalstorage/bmd.stm32-for-vscode/@xpack-dev-tools/arm-none-eabi-gcc/12.2.1-1.2.1/.content/bin/../lib/gcc/arm-none-eabi/12.2.1/../../../../arm-none-eabi/lib/thumb/v6-m/nofp\libc_nano.a(libc_a-nano-svfprintf.o)
 .rodata._printf_i.str1.1
                0x0000000008002eb8       0x22 c:/users/demxc/appdata/roaming/code/user/globalstorage/bmd.stm32-for-vscode/@xpack-dev-tools/arm-none-eabi-gcc/12.2.1-1.2.1/.content/bin/../lib/gcc/arm-none-eabi/12.2.1/../../../../arm-none-eabi/lib/thumb/v6-m/nofp\libc_nano.a(libc_a-nano-vfprintf_i.o)
                0x0000000008002edc                . = ALIGN (0x4)
 *fill*         0x0000000008002eda        0x2 

.rel.dyn        0x0000000008002edc        0x0
 .rel.iplt      0x0000000008002edc        0x0 c:/users/demxc/appdata/roaming/code/user/globalstorage/bmd.stm32-for-vscode/@xpack-dev-tools/arm-none-eabi-gcc/12.2.1-1.2.1/.content/bin/../lib/gcc/arm-none-eabi/12.2.1/thumb/v6-m/nofp/crtbegin.o

.ARM.extab      0x0000000008002edc        0x0
                0x0000000008002edc                . = ALIGN (0x4)
 *(.ARM.extab* .gnu.linkonce.armextab.*)
                0x0000000008002edc                . = ALIGN (0x4)

.ARM            0x0000000008002edc        0x0
                0x0000000008002edc                . = ALIGN (0x4)
                0x0000000008002edc                __exidx_start = .
 *(.ARM.exidx*)
                0x0000000008002edc                __exidx_end = .
                0x0000000008002edc                . = ALIGN (0x4)

.preinit_array  0x0000000008002edc        0x0
                0x0000000008002edc                . = ALIGN (0x4)
                0x0000000008002edc                PROVIDE (__preinit_array_start = .)
 *(.preinit_array*)
                0x0000000008002edc                PROVIDE (__preinit_array_end = .)
                0x0000000008002edc                . = ALIGN (0x4)

.init_array     0x0000000008002edc        0x4
                0x0000000008002edc                . = ALIGN (0x4)
                0x0000000008002edc                PROVIDE (__init_array_start = .)
 *(SORT_BY_NAME(.init_array.*))
 *(.init_array*)
 .init_array    0x0000000008002edc        0x4 c:/users/demxc/appdata/roaming/code/user/globalstorage/bmd.stm32-for-vscode/@xpack-dev-tools/arm-none-eabi-gcc/12.2.1-1.2.1/.content/bin/../lib/gcc/arm-none-eabi/12.2.1/thumb/v6-m/nofp/crtbegin.o
                0x0000000008002ee0                PROVIDE (__init_array_end = .)
                0x0000000008002ee0                . = ALIGN (0x4)

.fini_array     0x0000000008002ee0        0x4
                0x0000000008002ee0                . = ALIGN (0x4)
                0x0000000008002ee0                PROVIDE (__fini_array_start = .)
 *(SORT_BY_NAME(.fini_array.*))
 *(.fini_array*)
 .fini_array    0x0000000008002ee0        0x4 c:/users/demxc/appdata/roaming/code/user/globalstorage/bmd.stm32-for-vscode/@xpack-dev-tools/arm-none-eabi-gcc/12.2.1-1.2.1/.content/bin/../lib/gcc/arm-none-eabi/12.2.1/thumb/v6-m/nofp/crtbegin.o
                0x0000000008002ee4                PROVIDE (__fini_array_end = .)
                0x0000000008002ee4                . = ALIGN (0x4)
                0x0000000008002ee4                _sidata = LOADADDR (.data)

.data           0x0000000020000000       0x68 load address 0x0000000008002ee4
                0x0000000020000000                . = ALIGN (0x4)
                0x0000000020000000                _sdata = .
 *(.data)
 *(.data*)
 .data.toggleInterval
                0x0000000020000000        0x4 build/debug/Core/Src/main.o
                0x0000000020000000                toggleInterval
 .data.eepromData
                0x0000000020000004        0x6 build/debug/Core/Src/main.o
                0x0000000020000004                eepromData
 *fill*         0x000000002000000a        0x2 
 .data.SystemCoreClock
                0x000000002000000c        0x4 build/debug/Core/Src/system_stm32f0xx.o
                0x000000002000000c                SystemCoreClock
 .data.uwTickFreq
                0x0000000020000010        0x1 build/debug/Drivers/STM32F0xx_HAL_Driver/Src/stm32f0xx_hal.o
                0x0000000020000010                uwTickFreq
 *fill*         0x0000000020000011        0x3 
 .data.uwTickPrio
                0x0000000020000014        0x4 build/debug/Drivers/STM32F0xx_HAL_Driver/Src/stm32f0xx_hal.o
                0x0000000020000014                uwTickPrio
 .data._impure_ptr
                0x0000000020000018        0x4 c:/users/demxc/appdata/roaming/code/user/globalstorage/bmd.stm32-for-vscode/@xpack-dev-tools/arm-none-eabi-gcc/12.2.1-1.2.1/.content/bin/../lib/gcc/arm-none-eabi/12.2.1/../../../../arm-none-eabi/lib/thumb/v6-m/nofp\libc_nano.a(libc_a-impure.o)
                0x0000000020000018                _impure_ptr
 .data._impure_data
                0x000000002000001c       0x4c c:/users/demxc/appdata/roaming/code/user/globalstorage/bmd.stm32-for-vscode/@xpack-dev-tools/arm-none-eabi-gcc/12.2.1-1.2.1/.content/bin/../lib/gcc/arm-none-eabi/12.2.1/../../../../arm-none-eabi/lib/thumb/v6-m/nofp\libc_nano.a(libc_a-impure.o)
                0x000000002000001c                _impure_data
 *(.RamFunc)
 *(.RamFunc*)
                0x0000000020000068                . = ALIGN (0x4)
                0x0000000020000068                _edata = .

.igot.plt       0x0000000020000068        0x0 load address 0x0000000008002f4c
 .igot.plt      0x0000000020000068        0x0 c:/users/demxc/appdata/roaming/code/user/globalstorage/bmd.stm32-for-vscode/@xpack-dev-tools/arm-none-eabi-gcc/12.2.1-1.2.1/.content/bin/../lib/gcc/arm-none-eabi/12.2.1/thumb/v6-m/nofp/crtbegin.o
                0x0000000020000068                . = ALIGN (0x4)

.bss            0x0000000020000068      0x290 load address 0x0000000008002f4c
                0x0000000020000068                _sbss = .
                0x0000000020000068                __bss_start__ = _sbss
 *(.bss)
 *(.bss*)
 .bss.completed.1
                0x0000000020000068        0x1 c:/users/demxc/appdata/roaming/code/user/globalstorage/bmd.stm32-for-vscode/@xpack-dev-tools/arm-none-eabi-gcc/12.2.1-1.2.1/.content/bin/../lib/gcc/arm-none-eabi/12.2.1/thumb/v6-m/nofp/crtbegin.o
 *fill*         0x0000000020000069        0x3 
 .bss.object.0  0x000000002000006c       0x18 c:/users/demxc/appdata/roaming/code/user/globalstorage/bmd.stm32-for-vscode/@xpack-dev-tools/arm-none-eabi-gcc/12.2.1-1.2.1/.content/bin/../lib/gcc/arm-none-eabi/12.2.1/thumb/v6-m/nofp/crtbegin.o
 .bss.lastDebounceTime.0
                0x0000000020000084        0x4 build/debug/Core/Src/main.o
 .bss.currentAddress
                0x0000000020000088        0x2 build/debug/Core/Src/main.o
                0x0000000020000088                currentAddress
 *fill*         0x000000002000008a        0x2 
 .bss.adc_val   0x000000002000008c        0x4 build/debug/Core/Src/main.o
                0x000000002000008c                adc_val
 .bss.htim16    0x0000000020000090       0x48 build/debug/Core/Src/main.o
                0x0000000020000090                htim16
 .bss.htim6     0x00000000200000d8       0x48 build/debug/Core/Src/main.o
                0x00000000200000d8                htim6
 .bss.htim3     0x0000000020000120       0x48 build/debug/Core/Src/main.o
                0x0000000020000120                htim3
 .bss.hadc      0x0000000020000168       0x40 build/debug/Core/Src/main.o
                0x0000000020000168                hadc
 .bss.uwTick    0x00000000200001a8        0x4 build/debug/Drivers/STM32F0xx_HAL_Driver/Src/stm32f0xx_hal.o
                0x00000000200001a8                uwTick
 .bss.__sf      0x00000000200001ac      0x138 c:/users/demxc/appdata/roaming/code/user/globalstorage/bmd.stm32-for-vscode/@xpack-dev-tools/arm-none-eabi-gcc/12.2.1-1.2.1/.content/bin/../lib/gcc/arm-none-eabi/12.2.1/../../../../arm-none-eabi/lib/thumb/v6-m/nofp\libc_nano.a(libc_a-findfp.o)
                0x00000000200001ac                __sf
 .bss.errno     0x00000000200002e4        0x4 c:/users/demxc/appdata/roaming/code/user/globalstorage/bmd.stm32-for-vscode/@xpack-dev-tools/arm-none-eabi-gcc/12.2.1-1.2.1/.content/bin/../lib/gcc/arm-none-eabi/12.2.1/../../../../arm-none-eabi/lib/thumb/v6-m/nofp\libc_nano.a(libc_a-reent.o)
                0x00000000200002e4                errno
 .bss.__lock___malloc_recursive_mutex
                0x00000000200002e8        0x1 c:/users/demxc/appdata/roaming/code/user/globalstorage/bmd.stm32-for-vscode/@xpack-dev-tools/arm-none-eabi-gcc/12.2.1-1.2.1/.content/bin/../lib/gcc/arm-none-eabi/12.2.1/../../../../arm-none-eabi/lib/thumb/v6-m/nofp\libc_nano.a(libc_a-lock.o)
                0x00000000200002e8                __lock___malloc_recursive_mutex
 *fill*         0x00000000200002e9        0x3 
 .bss.__malloc_sbrk_start
                0x00000000200002ec        0x4 c:/users/demxc/appdata/roaming/code/user/globalstorage/bmd.stm32-for-vscode/@xpack-dev-tools/arm-none-eabi-gcc/12.2.1-1.2.1/.content/bin/../lib/gcc/arm-none-eabi/12.2.1/../../../../arm-none-eabi/lib/thumb/v6-m/nofp\libc_nano.a(libc_a-mallocr.o)
                0x00000000200002ec                __malloc_sbrk_start
 .bss.__malloc_free_list
                0x00000000200002f0        0x4 c:/users/demxc/appdata/roaming/code/user/globalstorage/bmd.stm32-for-vscode/@xpack-dev-tools/arm-none-eabi-gcc/12.2.1-1.2.1/.content/bin/../lib/gcc/arm-none-eabi/12.2.1/../../../../arm-none-eabi/lib/thumb/v6-m/nofp\libc_nano.a(libc_a-mallocr.o)
                0x00000000200002f0                __malloc_free_list
 .bss.heap_end.0
                0x00000000200002f4        0x4 c:/users/demxc/appdata/roaming/code/user/globalstorage/bmd.stm32-for-vscode/@xpack-dev-tools/arm-none-eabi-gcc/12.2.1-1.2.1/.content/bin/../lib/gcc/arm-none-eabi/12.2.1/../../../../arm-none-eabi/lib/thumb/v6-m/nofp\libnosys.a(sbrk.o)
 *(COMMON)
                0x00000000200002f8                . = ALIGN (0x4)
                0x00000000200002f8                _ebss = .
                0x00000000200002f8                __bss_end__ = _ebss

._user_heap_stack
                0x00000000200002f8      0x600 load address 0x0000000008002f4c
                0x00000000200002f8                . = ALIGN (0x8)
                0x00000000200002f8                PROVIDE (end = .)
                [!provide]                        PROVIDE (_end = .)
                0x00000000200004f8                . = (. + _Min_Heap_Size)
 *fill*         0x00000000200002f8      0x200 
                0x00000000200008f8                . = (. + _Min_Stack_Size)
 *fill*         0x00000000200004f8      0x400 
                0x00000000200008f8                . = ALIGN (0x8)

/DISCARD/
 libc.a(*)
 libm.a(*)
 libgcc.a(*)

.ARM.attributes
                0x0000000000000000       0x28
 *(.ARM.attributes)
 .ARM.attributes
                0x0000000000000000       0x1e c:/users/demxc/appdata/roaming/code/user/globalstorage/bmd.stm32-for-vscode/@xpack-dev-tools/arm-none-eabi-gcc/12.2.1-1.2.1/.content/bin/../lib/gcc/arm-none-eabi/12.2.1/thumb/v6-m/nofp/crti.o
 .ARM.attributes
                0x000000000000001e       0x2c c:/users/demxc/appdata/roaming/code/user/globalstorage/bmd.stm32-for-vscode/@xpack-dev-tools/arm-none-eabi-gcc/12.2.1-1.2.1/.content/bin/../lib/gcc/arm-none-eabi/12.2.1/thumb/v6-m/nofp/crtbegin.o
 .ARM.attributes
                0x000000000000004a       0x2c build/debug/Core/Src/main.o
 .ARM.attributes
                0x0000000000000076       0x2c build/debug/Core/Src/stm32f0xx_hal_msp.o
 .ARM.attributes
                0x00000000000000a2       0x2c build/debug/Core/Src/stm32f0xx_it.o
 .ARM.attributes
                0x00000000000000ce       0x2c build/debug/Core/Src/system_stm32f0xx.o
 .ARM.attributes
                0x00000000000000fa       0x2c build/debug/Drivers/STM32F0xx_HAL_Driver/Src/stm32f0xx_hal.o
 .ARM.attributes
                0x0000000000000126       0x2c build/debug/Drivers/STM32F0xx_HAL_Driver/Src/stm32f0xx_hal_adc.o
 .ARM.attributes
                0x0000000000000152       0x2c build/debug/Drivers/STM32F0xx_HAL_Driver/Src/stm32f0xx_hal_cortex.o
 .ARM.attributes
                0x000000000000017e       0x2c build/debug/Drivers/STM32F0xx_HAL_Driver/Src/stm32f0xx_hal_gpio.o
 .ARM.attributes
                0x00000000000001aa       0x2c build/debug/Drivers/STM32F0xx_HAL_Driver/Src/stm32f0xx_hal_tim.o
 .ARM.attributes
                0x00000000000001d6       0x2c build/debug/Drivers/STM32F0xx_HAL_Driver/Src/stm32f0xx_hal_tim_ex.o
 .ARM.attributes
                0x0000000000000202       0x2c build/debug/Drivers/STM32F0xx_HAL_Driver/Src/stm32f0xx_ll_exti.o
 .ARM.attributes
                0x000000000000022e       0x2c build/debug/Drivers/STM32F0xx_HAL_Driver/Src/stm32f0xx_ll_gpio.o
 .ARM.attributes
                0x000000000000025a       0x2c build/debug/Drivers/STM32F0xx_HAL_Driver/Src/stm32f0xx_ll_utils.o
 .ARM.attributes
                0x0000000000000286       0x21 build/debug/startup_stm32f051x8.o
 .ARM.attributes
                0x00000000000002a7       0x2c c:/users/demxc/appdata/roaming/code/user/globalstorage/bmd.stm32-for-vscode/@xpack-dev-tools/arm-none-eabi-gcc/12.2.1-1.2.1/.content/bin/../lib/gcc/arm-none-eabi/12.2.1/../../../../arm-none-eabi/lib/thumb/v6-m/nofp\libc_nano.a(libc_a-findfp.o)
 .ARM.attributes
                0x00000000000002d3       0x2c c:/users/demxc/appdata/roaming/code/user/globalstorage/bmd.stm32-for-vscode/@xpack-dev-tools/arm-none-eabi-gcc/12.2.1-1.2.1/.content/bin/../lib/gcc/arm-none-eabi/12.2.1/../../../../arm-none-eabi/lib/thumb/v6-m/nofp\libc_nano.a(libc_a-sprintf.o)
 .ARM.attributes
                0x00000000000002ff       0x2c c:/users/demxc/appdata/roaming/code/user/globalstorage/bmd.stm32-for-vscode/@xpack-dev-tools/arm-none-eabi-gcc/12.2.1-1.2.1/.content/bin/../lib/gcc/arm-none-eabi/12.2.1/../../../../arm-none-eabi/lib/thumb/v6-m/nofp\libc_nano.a(libc_a-memset.o)
 .ARM.attributes
                0x000000000000032b       0x2c c:/users/demxc/appdata/roaming/code/user/globalstorage/bmd.stm32-for-vscode/@xpack-dev-tools/arm-none-eabi-gcc/12.2.1-1.2.1/.content/bin/../lib/gcc/arm-none-eabi/12.2.1/../../../../arm-none-eabi/lib/thumb/v6-m/nofp\libc_nano.a(libc_a-reent.o)
 .ARM.attributes
                0x0000000000000357       0x2c c:/users/demxc/appdata/roaming/code/user/globalstorage/bmd.stm32-for-vscode/@xpack-dev-tools/arm-none-eabi-gcc/12.2.1-1.2.1/.content/bin/../lib/gcc/arm-none-eabi/12.2.1/../../../../arm-none-eabi/lib/thumb/v6-m/nofp\libc_nano.a(libc_a-impure.o)
 .ARM.attributes
                0x0000000000000383       0x2c c:/users/demxc/appdata/roaming/code/user/globalstorage/bmd.stm32-for-vscode/@xpack-dev-tools/arm-none-eabi-gcc/12.2.1-1.2.1/.content/bin/../lib/gcc/arm-none-eabi/12.2.1/../../../../arm-none-eabi/lib/thumb/v6-m/nofp\libc_nano.a(libc_a-init.o)
 .ARM.attributes
                0x00000000000003af       0x2c c:/users/demxc/appdata/roaming/code/user/globalstorage/bmd.stm32-for-vscode/@xpack-dev-tools/arm-none-eabi-gcc/12.2.1-1.2.1/.content/bin/../lib/gcc/arm-none-eabi/12.2.1/../../../../arm-none-eabi/lib/thumb/v6-m/nofp\libc_nano.a(libc_a-lock.o)
 .ARM.attributes
                0x00000000000003db       0x2c c:/users/demxc/appdata/roaming/code/user/globalstorage/bmd.stm32-for-vscode/@xpack-dev-tools/arm-none-eabi-gcc/12.2.1-1.2.1/.content/bin/../lib/gcc/arm-none-eabi/12.2.1/../../../../arm-none-eabi/lib/thumb/v6-m/nofp\libc_nano.a(libc_a-freer.o)
 .ARM.attributes
                0x0000000000000407       0x2c c:/users/demxc/appdata/roaming/code/user/globalstorage/bmd.stm32-for-vscode/@xpack-dev-tools/arm-none-eabi-gcc/12.2.1-1.2.1/.content/bin/../lib/gcc/arm-none-eabi/12.2.1/../../../../arm-none-eabi/lib/thumb/v6-m/nofp\libc_nano.a(libc_a-mallocr.o)
 .ARM.attributes
                0x0000000000000433       0x2c c:/users/demxc/appdata/roaming/code/user/globalstorage/bmd.stm32-for-vscode/@xpack-dev-tools/arm-none-eabi-gcc/12.2.1-1.2.1/.content/bin/../lib/gcc/arm-none-eabi/12.2.1/../../../../arm-none-eabi/lib/thumb/v6-m/nofp\libc_nano.a(libc_a-mlock.o)
 .ARM.attributes
                0x000000000000045f       0x2c c:/users/demxc/appdata/roaming/code/user/globalstorage/bmd.stm32-for-vscode/@xpack-dev-tools/arm-none-eabi-gcc/12.2.1-1.2.1/.content/bin/../lib/gcc/arm-none-eabi/12.2.1/../../../../arm-none-eabi/lib/thumb/v6-m/nofp\libc_nano.a(libc_a-nano-svfprintf.o)
 .ARM.attributes
                0x000000000000048b       0x2c c:/users/demxc/appdata/roaming/code/user/globalstorage/bmd.stm32-for-vscode/@xpack-dev-tools/arm-none-eabi-gcc/12.2.1-1.2.1/.content/bin/../lib/gcc/arm-none-eabi/12.2.1/../../../../arm-none-eabi/lib/thumb/v6-m/nofp\libc_nano.a(libc_a-nano-vfprintf_i.o)
 .ARM.attributes
                0x00000000000004b7       0x2c c:/users/demxc/appdata/roaming/code/user/globalstorage/bmd.stm32-for-vscode/@xpack-dev-tools/arm-none-eabi-gcc/12.2.1-1.2.1/.content/bin/../lib/gcc/arm-none-eabi/12.2.1/../../../../arm-none-eabi/lib/thumb/v6-m/nofp\libc_nano.a(libc_a-memmove.o)
 .ARM.attributes
                0x00000000000004e3       0x2c c:/users/demxc/appdata/roaming/code/user/globalstorage/bmd.stm32-for-vscode/@xpack-dev-tools/arm-none-eabi-gcc/12.2.1-1.2.1/.content/bin/../lib/gcc/arm-none-eabi/12.2.1/../../../../arm-none-eabi/lib/thumb/v6-m/nofp\libc_nano.a(libc_a-sbrkr.o)
 .ARM.attributes
                0x000000000000050f       0x2c c:/users/demxc/appdata/roaming/code/user/globalstorage/bmd.stm32-for-vscode/@xpack-dev-tools/arm-none-eabi-gcc/12.2.1-1.2.1/.content/bin/../lib/gcc/arm-none-eabi/12.2.1/../../../../arm-none-eabi/lib/thumb/v6-m/nofp\libc_nano.a(libc_a-memchr-stub.o)
 .ARM.attributes
                0x000000000000053b       0x2c c:/users/demxc/appdata/roaming/code/user/globalstorage/bmd.stm32-for-vscode/@xpack-dev-tools/arm-none-eabi-gcc/12.2.1-1.2.1/.content/bin/../lib/gcc/arm-none-eabi/12.2.1/../../../../arm-none-eabi/lib/thumb/v6-m/nofp\libc_nano.a(libc_a-memcpy-stub.o)
 .ARM.attributes
                0x0000000000000567       0x2c c:/users/demxc/appdata/roaming/code/user/globalstorage/bmd.stm32-for-vscode/@xpack-dev-tools/arm-none-eabi-gcc/12.2.1-1.2.1/.content/bin/../lib/gcc/arm-none-eabi/12.2.1/../../../../arm-none-eabi/lib/thumb/v6-m/nofp\libc_nano.a(libc_a-reallocr.o)
 .ARM.attributes
                0x0000000000000593       0x2c c:/users/demxc/appdata/roaming/code/user/globalstorage/bmd.stm32-for-vscode/@xpack-dev-tools/arm-none-eabi-gcc/12.2.1-1.2.1/.content/bin/../lib/gcc/arm-none-eabi/12.2.1/../../../../arm-none-eabi/lib/thumb/v6-m/nofp\libc_nano.a(libc_a-msizer.o)
 .ARM.attributes
                0x00000000000005bf       0x2c c:/users/demxc/appdata/roaming/code/user/globalstorage/bmd.stm32-for-vscode/@xpack-dev-tools/arm-none-eabi-gcc/12.2.1-1.2.1/.content/bin/../lib/gcc/arm-none-eabi/12.2.1/../../../../arm-none-eabi/lib/thumb/v6-m/nofp\libnosys.a(sbrk.o)
 .ARM.attributes
                0x00000000000005eb       0x1e c:/users/demxc/appdata/roaming/code/user/globalstorage/bmd.stm32-for-vscode/@xpack-dev-tools/arm-none-eabi-gcc/12.2.1-1.2.1/.content/bin/../lib/gcc/arm-none-eabi/12.2.1/thumb/v6-m/nofp\libgcc.a(_thumb1_case_shi.o)
 .ARM.attributes
                0x0000000000000609       0x1e c:/users/demxc/appdata/roaming/code/user/globalstorage/bmd.stm32-for-vscode/@xpack-dev-tools/arm-none-eabi-gcc/12.2.1-1.2.1/.content/bin/../lib/gcc/arm-none-eabi/12.2.1/thumb/v6-m/nofp\libgcc.a(_udivsi3.o)
 .ARM.attributes
                0x0000000000000627       0x1e c:/users/demxc/appdata/roaming/code/user/globalstorage/bmd.stm32-for-vscode/@xpack-dev-tools/arm-none-eabi-gcc/12.2.1-1.2.1/.content/bin/../lib/gcc/arm-none-eabi/12.2.1/thumb/v6-m/nofp\libgcc.a(_divsi3.o)
 .ARM.attributes
                0x0000000000000645       0x1e c:/users/demxc/appdata/roaming/code/user/globalstorage/bmd.stm32-for-vscode/@xpack-dev-tools/arm-none-eabi-gcc/12.2.1-1.2.1/.content/bin/../lib/gcc/arm-none-eabi/12.2.1/thumb/v6-m/nofp\libgcc.a(_dvmd_tls.o)
 .ARM.attributes
                0x0000000000000663       0x1e c:/users/demxc/appdata/roaming/code/user/globalstorage/bmd.stm32-for-vscode/@xpack-dev-tools/arm-none-eabi-gcc/12.2.1-1.2.1/.content/bin/../lib/gcc/arm-none-eabi/12.2.1/thumb/v6-m/nofp/crtn.o
OUTPUT(build/EEE2046Prac.elf elf32-littlearm)
LOAD linker stubs
LOAD c:/users/demxc/appdata/roaming/code/user/globalstorage/bmd.stm32-for-vscode/@xpack-dev-tools/arm-none-eabi-gcc/12.2.1-1.2.1/.content/bin/../lib/gcc/arm-none-eabi/12.2.1/../../../../arm-none-eabi/lib/thumb/v6-m/nofp\libc.a
LOAD c:/users/demxc/appdata/roaming/code/user/globalstorage/bmd.stm32-for-vscode/@xpack-dev-tools/arm-none-eabi-gcc/12.2.1-1.2.1/.content/bin/../lib/gcc/arm-none-eabi/12.2.1/../../../../arm-none-eabi/lib/thumb/v6-m/nofp\libm.a
LOAD c:/users/demxc/appdata/roaming/code/user/globalstorage/bmd.stm32-for-vscode/@xpack-dev-tools/arm-none-eabi-gcc/12.2.1-1.2.1/.content/bin/../lib/gcc/arm-none-eabi/12.2.1/thumb/v6-m/nofp\libgcc.a

.comment        0x0000000000000000       0x39
 .comment       0x0000000000000000       0x39 c:/users/demxc/appdata/roaming/code/user/globalstorage/bmd.stm32-for-vscode/@xpack-dev-tools/arm-none-eabi-gcc/12.2.1-1.2.1/.content/bin/../lib/gcc/arm-none-eabi/12.2.1/thumb/v6-m/nofp/crtbegin.o
                                         0x3a (size before relaxing)
 .comment       0x0000000000000039       0x3a build/debug/Core/Src/main.o
 .comment       0x0000000000000039       0x3a build/debug/Core/Src/stm32f0xx_hal_msp.o
 .comment       0x0000000000000039       0x3a build/debug/Core/Src/stm32f0xx_it.o
 .comment       0x0000000000000039       0x3a build/debug/Core/Src/system_stm32f0xx.o
 .comment       0x0000000000000039       0x3a build/debug/Drivers/STM32F0xx_HAL_Driver/Src/stm32f0xx_hal.o
 .comment       0x0000000000000039       0x3a build/debug/Drivers/STM32F0xx_HAL_Driver/Src/stm32f0xx_hal_adc.o
 .comment       0x0000000000000039       0x3a build/debug/Drivers/STM32F0xx_HAL_Driver/Src/stm32f0xx_hal_cortex.o
 .comment       0x0000000000000039       0x3a build/debug/Drivers/STM32F0xx_HAL_Driver/Src/stm32f0xx_hal_gpio.o
 .comment       0x0000000000000039       0x3a build/debug/Drivers/STM32F0xx_HAL_Driver/Src/stm32f0xx_hal_tim.o
 .comment       0x0000000000000039       0x3a build/debug/Drivers/STM32F0xx_HAL_Driver/Src/stm32f0xx_hal_tim_ex.o
 .comment       0x0000000000000039       0x3a build/debug/Drivers/STM32F0xx_HAL_Driver/Src/stm32f0xx_ll_exti.o
 .comment       0x0000000000000039       0x3a build/debug/Drivers/STM32F0xx_HAL_Driver/Src/stm32f0xx_ll_gpio.o
 .comment       0x0000000000000039       0x3a build/debug/Drivers/STM32F0xx_HAL_Driver/Src/stm32f0xx_ll_utils.o
 .comment       0x0000000000000039       0x3a c:/users/demxc/appdata/roaming/code/user/globalstorage/bmd.stm32-for-vscode/@xpack-dev-tools/arm-none-eabi-gcc/12.2.1-1.2.1/.content/bin/../lib/gcc/arm-none-eabi/12.2.1/../../../../arm-none-eabi/lib/thumb/v6-m/nofp\libc_nano.a(libc_a-findfp.o)
 .comment       0x0000000000000039       0x3a c:/users/demxc/appdata/roaming/code/user/globalstorage/bmd.stm32-for-vscode/@xpack-dev-tools/arm-none-eabi-gcc/12.2.1-1.2.1/.content/bin/../lib/gcc/arm-none-eabi/12.2.1/../../../../arm-none-eabi/lib/thumb/v6-m/nofp\libc_nano.a(libc_a-sprintf.o)
 .comment       0x0000000000000039       0x3a c:/users/demxc/appdata/roaming/code/user/globalstorage/bmd.stm32-for-vscode/@xpack-dev-tools/arm-none-eabi-gcc/12.2.1-1.2.1/.content/bin/../lib/gcc/arm-none-eabi/12.2.1/../../../../arm-none-eabi/lib/thumb/v6-m/nofp\libc_nano.a(libc_a-memset.o)
 .comment       0x0000000000000039       0x3a c:/users/demxc/appdata/roaming/code/user/globalstorage/bmd.stm32-for-vscode/@xpack-dev-tools/arm-none-eabi-gcc/12.2.1-1.2.1/.content/bin/../lib/gcc/arm-none-eabi/12.2.1/../../../../arm-none-eabi/lib/thumb/v6-m/nofp\libc_nano.a(libc_a-reent.o)
 .comment       0x0000000000000039       0x3a c:/users/demxc/appdata/roaming/code/user/globalstorage/bmd.stm32-for-vscode/@xpack-dev-tools/arm-none-eabi-gcc/12.2.1-1.2.1/.content/bin/../lib/gcc/arm-none-eabi/12.2.1/../../../../arm-none-eabi/lib/thumb/v6-m/nofp\libc_nano.a(libc_a-impure.o)
 .comment       0x0000000000000039       0x3a c:/users/demxc/appdata/roaming/code/user/globalstorage/bmd.stm32-for-vscode/@xpack-dev-tools/arm-none-eabi-gcc/12.2.1-1.2.1/.content/bin/../lib/gcc/arm-none-eabi/12.2.1/../../../../arm-none-eabi/lib/thumb/v6-m/nofp\libc_nano.a(libc_a-init.o)
 .comment       0x0000000000000039       0x3a c:/users/demxc/appdata/roaming/code/user/globalstorage/bmd.stm32-for-vscode/@xpack-dev-tools/arm-none-eabi-gcc/12.2.1-1.2.1/.content/bin/../lib/gcc/arm-none-eabi/12.2.1/../../../../arm-none-eabi/lib/thumb/v6-m/nofp\libc_nano.a(libc_a-lock.o)
 .comment       0x0000000000000039       0x3a c:/users/demxc/appdata/roaming/code/user/globalstorage/bmd.stm32-for-vscode/@xpack-dev-tools/arm-none-eabi-gcc/12.2.1-1.2.1/.content/bin/../lib/gcc/arm-none-eabi/12.2.1/../../../../arm-none-eabi/lib/thumb/v6-m/nofp\libc_nano.a(libc_a-freer.o)
 .comment       0x0000000000000039       0x3a c:/users/demxc/appdata/roaming/code/user/globalstorage/bmd.stm32-for-vscode/@xpack-dev-tools/arm-none-eabi-gcc/12.2.1-1.2.1/.content/bin/../lib/gcc/arm-none-eabi/12.2.1/../../../../arm-none-eabi/lib/thumb/v6-m/nofp\libc_nano.a(libc_a-mallocr.o)
 .comment       0x0000000000000039       0x3a c:/users/demxc/appdata/roaming/code/user/globalstorage/bmd.stm32-for-vscode/@xpack-dev-tools/arm-none-eabi-gcc/12.2.1-1.2.1/.content/bin/../lib/gcc/arm-none-eabi/12.2.1/../../../../arm-none-eabi/lib/thumb/v6-m/nofp\libc_nano.a(libc_a-mlock.o)
 .comment       0x0000000000000039       0x3a c:/users/demxc/appdata/roaming/code/user/globalstorage/bmd.stm32-for-vscode/@xpack-dev-tools/arm-none-eabi-gcc/12.2.1-1.2.1/.content/bin/../lib/gcc/arm-none-eabi/12.2.1/../../../../arm-none-eabi/lib/thumb/v6-m/nofp\libc_nano.a(libc_a-nano-svfprintf.o)
 .comment       0x0000000000000039       0x3a c:/users/demxc/appdata/roaming/code/user/globalstorage/bmd.stm32-for-vscode/@xpack-dev-tools/arm-none-eabi-gcc/12.2.1-1.2.1/.content/bin/../lib/gcc/arm-none-eabi/12.2.1/../../../../arm-none-eabi/lib/thumb/v6-m/nofp\libc_nano.a(libc_a-nano-vfprintf_i.o)
 .comment       0x0000000000000039       0x3a c:/users/demxc/appdata/roaming/code/user/globalstorage/bmd.stm32-for-vscode/@xpack-dev-tools/arm-none-eabi-gcc/12.2.1-1.2.1/.content/bin/../lib/gcc/arm-none-eabi/12.2.1/../../../../arm-none-eabi/lib/thumb/v6-m/nofp\libc_nano.a(libc_a-memmove.o)
 .comment       0x0000000000000039       0x3a c:/users/demxc/appdata/roaming/code/user/globalstorage/bmd.stm32-for-vscode/@xpack-dev-tools/arm-none-eabi-gcc/12.2.1-1.2.1/.content/bin/../lib/gcc/arm-none-eabi/12.2.1/../../../../arm-none-eabi/lib/thumb/v6-m/nofp\libc_nano.a(libc_a-sbrkr.o)
 .comment       0x0000000000000039       0x3a c:/users/demxc/appdata/roaming/code/user/globalstorage/bmd.stm32-for-vscode/@xpack-dev-tools/arm-none-eabi-gcc/12.2.1-1.2.1/.content/bin/../lib/gcc/arm-none-eabi/12.2.1/../../../../arm-none-eabi/lib/thumb/v6-m/nofp\libc_nano.a(libc_a-memchr-stub.o)
 .comment       0x0000000000000039       0x3a c:/users/demxc/appdata/roaming/code/user/globalstorage/bmd.stm32-for-vscode/@xpack-dev-tools/arm-none-eabi-gcc/12.2.1-1.2.1/.content/bin/../lib/gcc/arm-none-eabi/12.2.1/../../../../arm-none-eabi/lib/thumb/v6-m/nofp\libc_nano.a(libc_a-memcpy-stub.o)
 .comment       0x0000000000000039       0x3a c:/users/demxc/appdata/roaming/code/user/globalstorage/bmd.stm32-for-vscode/@xpack-dev-tools/arm-none-eabi-gcc/12.2.1-1.2.1/.content/bin/../lib/gcc/arm-none-eabi/12.2.1/../../../../arm-none-eabi/lib/thumb/v6-m/nofp\libc_nano.a(libc_a-reallocr.o)
 .comment       0x0000000000000039       0x3a c:/users/demxc/appdata/roaming/code/user/globalstorage/bmd.stm32-for-vscode/@xpack-dev-tools/arm-none-eabi-gcc/12.2.1-1.2.1/.content/bin/../lib/gcc/arm-none-eabi/12.2.1/../../../../arm-none-eabi/lib/thumb/v6-m/nofp\libc_nano.a(libc_a-msizer.o)
 .comment       0x0000000000000039       0x3a c:/users/demxc/appdata/roaming/code/user/globalstorage/bmd.stm32-for-vscode/@xpack-dev-tools/arm-none-eabi-gcc/12.2.1-1.2.1/.content/bin/../lib/gcc/arm-none-eabi/12.2.1/../../../../arm-none-eabi/lib/thumb/v6-m/nofp\libnosys.a(sbrk.o)

.debug_info     0x0000000000000000     0xc519
 .debug_info    0x0000000000000000     0x23fd build/debug/Core/Src/main.o
 .debug_info    0x00000000000023fd      0xcae build/debug/Core/Src/stm32f0xx_hal_msp.o
 .debug_info    0x00000000000030ab      0x121 build/debug/Core/Src/stm32f0xx_it.o
 .debug_info    0x00000000000031cc      0x25d build/debug/Core/Src/system_stm32f0xx.o
 .debug_info    0x0000000000003429      0x74c build/debug/Drivers/STM32F0xx_HAL_Driver/Src/stm32f0xx_hal.o
 .debug_info    0x0000000000003b75      0xf56 build/debug/Drivers/STM32F0xx_HAL_Driver/Src/stm32f0xx_hal_adc.o
 .debug_info    0x0000000000004acb      0x7cc build/debug/Drivers/STM32F0xx_HAL_Driver/Src/stm32f0xx_hal_cortex.o
 .debug_info    0x0000000000005297      0x5ec build/debug/Drivers/STM32F0xx_HAL_Driver/Src/stm32f0xx_hal_gpio.o
 .debug_info    0x0000000000005883     0x3b27 build/debug/Drivers/STM32F0xx_HAL_Driver/Src/stm32f0xx_hal_tim.o
 .debug_info    0x00000000000093aa     0x1a01 build/debug/Drivers/STM32F0xx_HAL_Driver/Src/stm32f0xx_hal_tim_ex.o
 .debug_info    0x000000000000adab      0x4d7 build/debug/Drivers/STM32F0xx_HAL_Driver/Src/stm32f0xx_ll_exti.o
 .debug_info    0x000000000000b282      0x76f build/debug/Drivers/STM32F0xx_HAL_Driver/Src/stm32f0xx_ll_gpio.o
 .debug_info    0x000000000000b9f1      0xa1c build/debug/Drivers/STM32F0xx_HAL_Driver/Src/stm32f0xx_ll_utils.o
 .debug_info    0x000000000000c40d       0x2e build/debug/startup_stm32f051x8.o
 .debug_info    0x000000000000c43b       0x2f c:/users/demxc/appdata/roaming/code/user/globalstorage/bmd.stm32-for-vscode/@xpack-dev-tools/arm-none-eabi-gcc/12.2.1-1.2.1/.content/bin/../lib/gcc/arm-none-eabi/12.2.1/thumb/v6-m/nofp\libgcc.a(_thumb1_case_shi.o)
 .debug_info    0x000000000000c46a       0x3b c:/users/demxc/appdata/roaming/code/user/globalstorage/bmd.stm32-for-vscode/@xpack-dev-tools/arm-none-eabi-gcc/12.2.1-1.2.1/.content/bin/../lib/gcc/arm-none-eabi/12.2.1/thumb/v6-m/nofp\libgcc.a(_udivsi3.o)
 .debug_info    0x000000000000c4a5       0x3b c:/users/demxc/appdata/roaming/code/user/globalstorage/bmd.stm32-for-vscode/@xpack-dev-tools/arm-none-eabi-gcc/12.2.1-1.2.1/.content/bin/../lib/gcc/arm-none-eabi/12.2.1/thumb/v6-m/nofp\libgcc.a(_divsi3.o)
 .debug_info    0x000000000000c4e0       0x39 c:/users/demxc/appdata/roaming/code/user/globalstorage/bmd.stm32-for-vscode/@xpack-dev-tools/arm-none-eabi-gcc/12.2.1-1.2.1/.content/bin/../lib/gcc/arm-none-eabi/12.2.1/thumb/v6-m/nofp\libgcc.a(_dvmd_tls.o)

.debug_abbrev   0x0000000000000000     0x1eea
 .debug_abbrev  0x0000000000000000      0x503 build/debug/Core/Src/main.o
 .debug_abbrev  0x0000000000000503      0x1f8 build/debug/Core/Src/stm32f0xx_hal_msp.o
 .debug_abbrev  0x00000000000006fb       0xb5 build/debug/Core/Src/stm32f0xx_it.o
 .debug_abbrev  0x00000000000007b0      0x136 build/debug/Core/Src/system_stm32f0xx.o
 .debug_abbrev  0x00000000000008e6      0x265 build/debug/Drivers/STM32F0xx_HAL_Driver/Src/stm32f0xx_hal.o
 .debug_abbrev  0x0000000000000b4b      0x22f build/debug/Drivers/STM32F0xx_HAL_Driver/Src/stm32f0xx_hal_adc.o
 .debug_abbrev  0x0000000000000d7a      0x2ec build/debug/Drivers/STM32F0xx_HAL_Driver/Src/stm32f0xx_hal_cortex.o
 .debug_abbrev  0x0000000000001066      0x1f8 build/debug/Drivers/STM32F0xx_HAL_Driver/Src/stm32f0xx_hal_gpio.o
 .debug_abbrev  0x000000000000125e      0x285 build/debug/Drivers/STM32F0xx_HAL_Driver/Src/stm32f0xx_hal_tim.o
 .debug_abbrev  0x00000000000014e3      0x283 build/debug/Drivers/STM32F0xx_HAL_Driver/Src/stm32f0xx_hal_tim_ex.o
 .debug_abbrev  0x0000000000001766      0x1b3 build/debug/Drivers/STM32F0xx_HAL_Driver/Src/stm32f0xx_ll_exti.o
 .debug_abbrev  0x0000000000001919      0x225 build/debug/Drivers/STM32F0xx_HAL_Driver/Src/stm32f0xx_ll_gpio.o
 .debug_abbrev  0x0000000000001b3e      0x30d build/debug/Drivers/STM32F0xx_HAL_Driver/Src/stm32f0xx_ll_utils.o
 .debug_abbrev  0x0000000000001e4b       0x1d build/debug/startup_stm32f051x8.o
 .debug_abbrev  0x0000000000001e68       0x21 c:/users/demxc/appdata/roaming/code/user/globalstorage/bmd.stm32-for-vscode/@xpack-dev-tools/arm-none-eabi-gcc/12.2.1-1.2.1/.content/bin/../lib/gcc/arm-none-eabi/12.2.1/thumb/v6-m/nofp\libgcc.a(_thumb1_case_shi.o)
 .debug_abbrev  0x0000000000001e89       0x21 c:/users/demxc/appdata/roaming/code/user/globalstorage/bmd.stm32-for-vscode/@xpack-dev-tools/arm-none-eabi-gcc/12.2.1-1.2.1/.content/bin/../lib/gcc/arm-none-eabi/12.2.1/thumb/v6-m/nofp\libgcc.a(_udivsi3.o)
 .debug_abbrev  0x0000000000001eaa       0x21 c:/users/demxc/appdata/roaming/code/user/globalstorage/bmd.stm32-for-vscode/@xpack-dev-tools/arm-none-eabi-gcc/12.2.1-1.2.1/.content/bin/../lib/gcc/arm-none-eabi/12.2.1/thumb/v6-m/nofp\libgcc.a(_divsi3.o)
 .debug_abbrev  0x0000000000001ecb       0x1f c:/users/demxc/appdata/roaming/code/user/globalstorage/bmd.stm32-for-vscode/@xpack-dev-tools/arm-none-eabi-gcc/12.2.1-1.2.1/.content/bin/../lib/gcc/arm-none-eabi/12.2.1/thumb/v6-m/nofp\libgcc.a(_dvmd_tls.o)

.debug_loclists
                0x0000000000000000     0x67a7
 .debug_loclists
                0x0000000000000000      0x2ea build/debug/Core/Src/main.o
 .debug_loclists
                0x00000000000002ea       0x7e build/debug/Core/Src/stm32f0xx_hal_msp.o
 .debug_loclists
                0x0000000000000368       0xdc build/debug/Core/Src/system_stm32f0xx.o
 .debug_loclists
                0x0000000000000444       0xc9 build/debug/Drivers/STM32F0xx_HAL_Driver/Src/stm32f0xx_hal.o
 .debug_loclists
                0x000000000000050d      0x907 build/debug/Drivers/STM32F0xx_HAL_Driver/Src/stm32f0xx_hal_adc.o
 .debug_loclists
                0x0000000000000e14      0x1ae build/debug/Drivers/STM32F0xx_HAL_Driver/Src/stm32f0xx_hal_cortex.o
 .debug_loclists
                0x0000000000000fc2      0x25d build/debug/Drivers/STM32F0xx_HAL_Driver/Src/stm32f0xx_hal_gpio.o
 .debug_loclists
                0x000000000000121f     0x37d8 build/debug/Drivers/STM32F0xx_HAL_Driver/Src/stm32f0xx_hal_tim.o
 .debug_loclists
                0x00000000000049f7     0x15e7 build/debug/Drivers/STM32F0xx_HAL_Driver/Src/stm32f0xx_hal_tim_ex.o
 .debug_loclists
                0x0000000000005fde      0x1a2 build/debug/Drivers/STM32F0xx_HAL_Driver/Src/stm32f0xx_ll_exti.o
 .debug_loclists
                0x0000000000006180      0x249 build/debug/Drivers/STM32F0xx_HAL_Driver/Src/stm32f0xx_ll_gpio.o
 .debug_loclists
                0x00000000000063c9      0x3de build/debug/Drivers/STM32F0xx_HAL_Driver/Src/stm32f0xx_ll_utils.o

.debug_aranges  0x0000000000000000      0xaf8
 .debug_aranges
                0x0000000000000000       0xe8 build/debug/Core/Src/main.o
 .debug_aranges
                0x00000000000000e8       0x48 build/debug/Core/Src/stm32f0xx_hal_msp.o
 .debug_aranges
                0x0000000000000130       0x40 build/debug/Core/Src/stm32f0xx_it.o
 .debug_aranges
                0x0000000000000170       0x28 build/debug/Core/Src/system_stm32f0xx.o
 .debug_aranges
                0x0000000000000198       0xd0 build/debug/Drivers/STM32F0xx_HAL_Driver/Src/stm32f0xx_hal.o
 .debug_aranges
                0x0000000000000268       0xf8 build/debug/Drivers/STM32F0xx_HAL_Driver/Src/stm32f0xx_hal_adc.o
 .debug_aranges
                0x0000000000000360       0x98 build/debug/Drivers/STM32F0xx_HAL_Driver/Src/stm32f0xx_hal_cortex.o
 .debug_aranges
                0x00000000000003f8       0x58 build/debug/Drivers/STM32F0xx_HAL_Driver/Src/stm32f0xx_hal_gpio.o
 .debug_aranges
                0x0000000000000450      0x3d0 build/debug/Drivers/STM32F0xx_HAL_Driver/Src/stm32f0xx_hal_tim.o
 .debug_aranges
                0x0000000000000820      0x168 build/debug/Drivers/STM32F0xx_HAL_Driver/Src/stm32f0xx_hal_tim_ex.o
 .debug_aranges
                0x0000000000000988       0x30 build/debug/Drivers/STM32F0xx_HAL_Driver/Src/stm32f0xx_ll_exti.o
 .debug_aranges
                0x00000000000009b8       0x30 build/debug/Drivers/STM32F0xx_HAL_Driver/Src/stm32f0xx_ll_gpio.o
 .debug_aranges
                0x00000000000009e8       0x68 build/debug/Drivers/STM32F0xx_HAL_Driver/Src/stm32f0xx_ll_utils.o
 .debug_aranges
                0x0000000000000a50       0x28 build/debug/startup_stm32f051x8.o
 .debug_aranges
                0x0000000000000a78       0x20 c:/users/demxc/appdata/roaming/code/user/globalstorage/bmd.stm32-for-vscode/@xpack-dev-tools/arm-none-eabi-gcc/12.2.1-1.2.1/.content/bin/../lib/gcc/arm-none-eabi/12.2.1/thumb/v6-m/nofp\libgcc.a(_thumb1_case_shi.o)
 .debug_aranges
                0x0000000000000a98       0x20 c:/users/demxc/appdata/roaming/code/user/globalstorage/bmd.stm32-for-vscode/@xpack-dev-tools/arm-none-eabi-gcc/12.2.1-1.2.1/.content/bin/../lib/gcc/arm-none-eabi/12.2.1/thumb/v6-m/nofp\libgcc.a(_udivsi3.o)
 .debug_aranges
                0x0000000000000ab8       0x20 c:/users/demxc/appdata/roaming/code/user/globalstorage/bmd.stm32-for-vscode/@xpack-dev-tools/arm-none-eabi-gcc/12.2.1-1.2.1/.content/bin/../lib/gcc/arm-none-eabi/12.2.1/thumb/v6-m/nofp\libgcc.a(_divsi3.o)
 .debug_aranges
                0x0000000000000ad8       0x20 c:/users/demxc/appdata/roaming/code/user/globalstorage/bmd.stm32-for-vscode/@xpack-dev-tools/arm-none-eabi-gcc/12.2.1-1.2.1/.content/bin/../lib/gcc/arm-none-eabi/12.2.1/thumb/v6-m/nofp\libgcc.a(_dvmd_tls.o)

.debug_rnglists
                0x0000000000000000      0x845
 .debug_rnglists
                0x0000000000000000       0xb3 build/debug/Core/Src/main.o
 .debug_rnglists
                0x00000000000000b3       0x31 build/debug/Core/Src/stm32f0xx_hal_msp.o
 .debug_rnglists
                0x00000000000000e4       0x2b build/debug/Core/Src/stm32f0xx_it.o
 .debug_rnglists
                0x000000000000010f       0x1a build/debug/Core/Src/system_stm32f0xx.o
 .debug_rnglists
                0x0000000000000129       0x97 build/debug/Drivers/STM32F0xx_HAL_Driver/Src/stm32f0xx_hal.o
 .debug_rnglists
                0x00000000000001c0       0xc1 build/debug/Drivers/STM32F0xx_HAL_Driver/Src/stm32f0xx_hal_adc.o
 .debug_rnglists
                0x0000000000000281       0x79 build/debug/Drivers/STM32F0xx_HAL_Driver/Src/stm32f0xx_hal_cortex.o
 .debug_rnglists
                0x00000000000002fa       0x3f build/debug/Drivers/STM32F0xx_HAL_Driver/Src/stm32f0xx_hal_gpio.o
 .debug_rnglists
                0x0000000000000339      0x305 build/debug/Drivers/STM32F0xx_HAL_Driver/Src/stm32f0xx_hal_tim.o
 .debug_rnglists
                0x000000000000063e      0x11a build/debug/Drivers/STM32F0xx_HAL_Driver/Src/stm32f0xx_hal_tim_ex.o
 .debug_rnglists
                0x0000000000000758       0x38 build/debug/Drivers/STM32F0xx_HAL_Driver/Src/stm32f0xx_ll_exti.o
 .debug_rnglists
                0x0000000000000790       0x51 build/debug/Drivers/STM32F0xx_HAL_Driver/Src/stm32f0xx_ll_gpio.o
 .debug_rnglists
                0x00000000000007e1       0x4b build/debug/Drivers/STM32F0xx_HAL_Driver/Src/stm32f0xx_ll_utils.o
 .debug_rnglists
                0x000000000000082c       0x19 build/debug/startup_stm32f051x8.o

.debug_line     0x0000000000000000     0xbc47
 .debug_line    0x0000000000000000     0x12e2 build/debug/Core/Src/main.o
 .debug_line    0x00000000000012e2      0x440 build/debug/Core/Src/stm32f0xx_hal_msp.o
 .debug_line    0x0000000000001722      0x26e build/debug/Core/Src/stm32f0xx_it.o
 .debug_line    0x0000000000001990      0x2b5 build/debug/Core/Src/system_stm32f0xx.o
 .debug_line    0x0000000000001c45      0x598 build/debug/Drivers/STM32F0xx_HAL_Driver/Src/stm32f0xx_hal.o
 .debug_line    0x00000000000021dd     0x109a build/debug/Drivers/STM32F0xx_HAL_Driver/Src/stm32f0xx_hal_adc.o
 .debug_line    0x0000000000003277      0x5c9 build/debug/Drivers/STM32F0xx_HAL_Driver/Src/stm32f0xx_hal_cortex.o
 .debug_line    0x0000000000003840      0x732 build/debug/Drivers/STM32F0xx_HAL_Driver/Src/stm32f0xx_hal_gpio.o
 .debug_line    0x0000000000003f72     0x4cd4 build/debug/Drivers/STM32F0xx_HAL_Driver/Src/stm32f0xx_hal_tim.o
 .debug_line    0x0000000000008c46     0x1d2f build/debug/Drivers/STM32F0xx_HAL_Driver/Src/stm32f0xx_hal_tim_ex.o
 .debug_line    0x000000000000a975      0x451 build/debug/Drivers/STM32F0xx_HAL_Driver/Src/stm32f0xx_ll_exti.o
 .debug_line    0x000000000000adc6      0x50e build/debug/Drivers/STM32F0xx_HAL_Driver/Src/stm32f0xx_ll_gpio.o
 .debug_line    0x000000000000b2d4      0x7ac build/debug/Drivers/STM32F0xx_HAL_Driver/Src/stm32f0xx_ll_utils.o
 .debug_line    0x000000000000ba80       0x77 build/debug/startup_stm32f051x8.o
 .debug_line    0x000000000000baf7       0x53 c:/users/demxc/appdata/roaming/code/user/globalstorage/bmd.stm32-for-vscode/@xpack-dev-tools/arm-none-eabi-gcc/12.2.1-1.2.1/.content/bin/../lib/gcc/arm-none-eabi/12.2.1/thumb/v6-m/nofp\libgcc.a(_thumb1_case_shi.o)
 .debug_line    0x000000000000bb4a       0x56 c:/users/demxc/appdata/roaming/code/user/globalstorage/bmd.stm32-for-vscode/@xpack-dev-tools/arm-none-eabi-gcc/12.2.1-1.2.1/.content/bin/../lib/gcc/arm-none-eabi/12.2.1/thumb/v6-m/nofp\libgcc.a(_udivsi3.o)
 .debug_line    0x000000000000bba0       0x5d c:/users/demxc/appdata/roaming/code/user/globalstorage/bmd.stm32-for-vscode/@xpack-dev-tools/arm-none-eabi-gcc/12.2.1-1.2.1/.content/bin/../lib/gcc/arm-none-eabi/12.2.1/thumb/v6-m/nofp\libgcc.a(_divsi3.o)
 .debug_line    0x000000000000bbfd       0x4a c:/users/demxc/appdata/roaming/code/user/globalstorage/bmd.stm32-for-vscode/@xpack-dev-tools/arm-none-eabi-gcc/12.2.1-1.2.1/.content/bin/../lib/gcc/arm-none-eabi/12.2.1/thumb/v6-m/nofp\libgcc.a(_dvmd_tls.o)

.debug_str      0x0000000000000000     0x34e8
 .debug_str     0x0000000000000000     0x1267 build/debug/Core/Src/main.o
                                       0x13bd (size before relaxing)
 .debug_str     0x0000000000001267       0xa4 build/debug/Core/Src/stm32f0xx_hal_msp.o
                                        0x98c (size before relaxing)
 .debug_str     0x000000000000130b       0x6d build/debug/Core/Src/stm32f0xx_it.o
                                        0x1fc (size before relaxing)
 .debug_str     0x0000000000001378       0x86 build/debug/Core/Src/system_stm32f0xx.o
                                        0x26d (size before relaxing)
 .debug_str     0x00000000000013fe      0x270 build/debug/Drivers/STM32F0xx_HAL_Driver/Src/stm32f0xx_hal.o
                                        0x6e1 (size before relaxing)
 .debug_str     0x000000000000166e      0x2ab build/debug/Drivers/STM32F0xx_HAL_Driver/Src/stm32f0xx_hal_adc.o
                                        0x8fa (size before relaxing)
 .debug_str     0x0000000000001919      0x20b build/debug/Drivers/STM32F0xx_HAL_Driver/Src/stm32f0xx_hal_cortex.o
                                        0x622 (size before relaxing)
 .debug_str     0x0000000000001b24       0xa6 build/debug/Drivers/STM32F0xx_HAL_Driver/Src/stm32f0xx_hal_gpio.o
                                        0x3fc (size before relaxing)
 .debug_str     0x0000000000001bca      0xdc2 build/debug/Drivers/STM32F0xx_HAL_Driver/Src/stm32f0xx_hal_tim.o
                                       0x1671 (size before relaxing)
 .debug_str     0x000000000000298c      0x4eb build/debug/Drivers/STM32F0xx_HAL_Driver/Src/stm32f0xx_hal_tim_ex.o
                                        0xe8d (size before relaxing)
 .debug_str     0x0000000000002e77      0x13c build/debug/Drivers/STM32F0xx_HAL_Driver/Src/stm32f0xx_ll_exti.o
                                        0x371 (size before relaxing)
 .debug_str     0x0000000000002fb3       0xf3 build/debug/Drivers/STM32F0xx_HAL_Driver/Src/stm32f0xx_ll_gpio.o
                                        0x39d (size before relaxing)
 .debug_str     0x00000000000030a6      0x2a8 build/debug/Drivers/STM32F0xx_HAL_Driver/Src/stm32f0xx_ll_utils.o
                                        0x603 (size before relaxing)
 .debug_str     0x000000000000334e       0x32 build/debug/startup_stm32f051x8.o
                                         0x82 (size before relaxing)
 .debug_str     0x0000000000003380      0x128 c:/users/demxc/appdata/roaming/code/user/globalstorage/bmd.stm32-for-vscode/@xpack-dev-tools/arm-none-eabi-gcc/12.2.1-1.2.1/.content/bin/../lib/gcc/arm-none-eabi/12.2.1/thumb/v6-m/nofp\libgcc.a(_thumb1_case_shi.o)
                                        0x136 (size before relaxing)
 .debug_str     0x00000000000034a8       0x1b c:/users/demxc/appdata/roaming/code/user/globalstorage/bmd.stm32-for-vscode/@xpack-dev-tools/arm-none-eabi-gcc/12.2.1-1.2.1/.content/bin/../lib/gcc/arm-none-eabi/12.2.1/thumb/v6-m/nofp\libgcc.a(_udivsi3.o)
                                        0x13b (size before relaxing)
 .debug_str     0x00000000000034c3        0x9 c:/users/demxc/appdata/roaming/code/user/globalstorage/bmd.stm32-for-vscode/@xpack-dev-tools/arm-none-eabi-gcc/12.2.1-1.2.1/.content/bin/../lib/gcc/arm-none-eabi/12.2.1/thumb/v6-m/nofp\libgcc.a(_divsi3.o)
                                        0x139 (size before relaxing)
 .debug_str     0x00000000000034cc       0x1c c:/users/demxc/appdata/roaming/code/user/globalstorage/bmd.stm32-for-vscode/@xpack-dev-tools/arm-none-eabi-gcc/12.2.1-1.2.1/.content/bin/../lib/gcc/arm-none-eabi/12.2.1/thumb/v6-m/nofp\libgcc.a(_dvmd_tls.o)
                                        0x13c (size before relaxing)

.debug_frame    0x0000000000000000     0x1ae4
 .debug_frame   0x0000000000000000      0x284 build/debug/Core/Src/main.o
 .debug_frame   0x0000000000000284       0x98 build/debug/Core/Src/stm32f0xx_hal_msp.o
 .debug_frame   0x000000000000031c       0x68 build/debug/Core/Src/stm32f0xx_it.o
 .debug_frame   0x0000000000000384       0x38 build/debug/Core/Src/system_stm32f0xx.o
 .debug_frame   0x00000000000003bc      0x1ac build/debug/Drivers/STM32F0xx_HAL_Driver/Src/stm32f0xx_hal.o
 .debug_frame   0x0000000000000568      0x2a4 build/debug/Drivers/STM32F0xx_HAL_Driver/Src/stm32f0xx_hal_adc.o
 .debug_frame   0x000000000000080c      0x144 build/debug/Drivers/STM32F0xx_HAL_Driver/Src/stm32f0xx_hal_cortex.o
 .debug_frame   0x0000000000000950       0xc0 build/debug/Drivers/STM32F0xx_HAL_Driver/Src/stm32f0xx_hal_gpio.o
 .debug_frame   0x0000000000000a10      0xadc build/debug/Drivers/STM32F0xx_HAL_Driver/Src/stm32f0xx_hal_tim.o
 .debug_frame   0x00000000000014ec      0x420 build/debug/Drivers/STM32F0xx_HAL_Driver/Src/stm32f0xx_hal_tim_ex.o
 .debug_frame   0x000000000000190c       0x48 build/debug/Drivers/STM32F0xx_HAL_Driver/Src/stm32f0xx_ll_exti.o
 .debug_frame   0x0000000000001954       0x50 build/debug/Drivers/STM32F0xx_HAL_Driver/Src/stm32f0xx_ll_gpio.o
 .debug_frame   0x00000000000019a4      0x100 build/debug/Drivers/STM32F0xx_HAL_Driver/Src/stm32f0xx_ll_utils.o
 .debug_frame   0x0000000000001aa4       0x20 c:/users/demxc/appdata/roaming/code/user/globalstorage/bmd.stm32-for-vscode/@xpack-dev-tools/arm-none-eabi-gcc/12.2.1-1.2.1/.content/bin/../lib/gcc/arm-none-eabi/12.2.1/thumb/v6-m/nofp\libgcc.a(_udivsi3.o)
 .debug_frame   0x0000000000001ac4       0x20 c:/users/demxc/appdata/roaming/code/user/globalstorage/bmd.stm32-for-vscode/@xpack-dev-tools/arm-none-eabi-gcc/12.2.1-1.2.1/.content/bin/../lib/gcc/arm-none-eabi/12.2.1/thumb/v6-m/nofp\libgcc.a(_divsi3.o)

.debug_line_str
                0x0000000000000000      0x178
 .debug_line_str
                0x0000000000000000       0x66 build/debug/startup_stm32f051x8.o
 .debug_line_str
                0x0000000000000066      0x112 c:/users/demxc/appdata/roaming/code/user/globalstorage/bmd.stm32-for-vscode/@xpack-dev-tools/arm-none-eabi-gcc/12.2.1-1.2.1/.content/bin/../lib/gcc/arm-none-eabi/12.2.1/thumb/v6-m/nofp\libgcc.a(_thumb1_case_shi.o)
 .debug_line_str
                0x0000000000000178      0x112 c:/users/demxc/appdata/roaming/code/user/globalstorage/bmd.stm32-for-vscode/@xpack-dev-tools/arm-none-eabi-gcc/12.2.1-1.2.1/.content/bin/../lib/gcc/arm-none-eabi/12.2.1/thumb/v6-m/nofp\libgcc.a(_udivsi3.o)
 .debug_line_str
                0x0000000000000178      0x112 c:/users/demxc/appdata/roaming/code/user/globalstorage/bmd.stm32-for-vscode/@xpack-dev-tools/arm-none-eabi-gcc/12.2.1-1.2.1/.content/bin/../lib/gcc/arm-none-eabi/12.2.1/thumb/v6-m/nofp\libgcc.a(_divsi3.o)
 .debug_line_str
                0x0000000000000178      0x112 c:/users/demxc/appdata/roaming/code/user/globalstorage/bmd.stm32-for-vscode/@xpack-dev-tools/arm-none-eabi-gcc/12.2.1-1.2.1/.content/bin/../lib/gcc/arm-none-eabi/12.2.1/thumb/v6-m/nofp\libgcc.a(_dvmd_tls.o)

Cross Reference Table

Symbol                                            File
ADC1_COMP_IRQHandler                              build/debug/Core/Src/main.o
ADCtoCCR                                          build/debug/Core/Src/main.o
AHBPrescTable                                     build/debug/Core/Src/system_stm32f0xx.o
                                                  build/debug/Drivers/STM32F0xx_HAL_Driver/Src/stm32f0xx_ll_utils.o
                                                  build/debug/Drivers/STM32F0xx_HAL_Driver/Src/stm32f0xx_ll_rcc.o
                                                  build/debug/Drivers/STM32F0xx_HAL_Driver/Src/stm32f0xx_hal_rcc.o
APBPrescTable                                     build/debug/Core/Src/system_stm32f0xx.o
                                                  build/debug/Drivers/STM32F0xx_HAL_Driver/Src/stm32f0xx_ll_rcc.o
                                                  build/debug/Drivers/STM32F0xx_HAL_Driver/Src/stm32f0xx_hal_rcc.o
CEC_CAN_IRQHandler                                build/debug/startup_stm32f051x8.o
DMA1_Channel1_IRQHandler                          build/debug/startup_stm32f051x8.o
DMA1_Channel2_3_IRQHandler                        build/debug/startup_stm32f051x8.o
DMA1_Channel4_5_IRQHandler                        build/debug/startup_stm32f051x8.o
Default_Handler                                   build/debug/startup_stm32f051x8.o
EXTI0_1_IRQHandler                                build/debug/Core/Src/main.o
EXTI2_3_IRQHandler                                build/debug/startup_stm32f051x8.o
EXTI4_15_IRQHandler                               build/debug/startup_stm32f051x8.o
Error_Handler                                     build/debug/Core/Src/main.o
FLASH_IRQHandler                                  build/debug/startup_stm32f051x8.o
FLASH_PageErase                                   build/debug/Drivers/STM32F0xx_HAL_Driver/Src/stm32f0xx_hal_flash_ex.o
                                                  build/debug/Drivers/STM32F0xx_HAL_Driver/Src/stm32f0xx_hal_flash.o
FLASH_WaitForLastOperation                        build/debug/Drivers/STM32F0xx_HAL_Driver/Src/stm32f0xx_hal_flash.o
                                                  build/debug/Drivers/STM32F0xx_HAL_Driver/Src/stm32f0xx_hal_flash_ex.o
HAL_ADCEx_Calibration_Start                       build/debug/Drivers/STM32F0xx_HAL_Driver/Src/stm32f0xx_hal_adc_ex.o
HAL_ADC_AnalogWDGConfig                           build/debug/Drivers/STM32F0xx_HAL_Driver/Src/stm32f0xx_hal_adc.o
HAL_ADC_ConfigChannel                             build/debug/Drivers/STM32F0xx_HAL_Driver/Src/stm32f0xx_hal_adc.o
                                                  build/debug/Core/Src/main.o
HAL_ADC_ConvCpltCallback                          build/debug/Drivers/STM32F0xx_HAL_Driver/Src/stm32f0xx_hal_adc.o
HAL_ADC_ConvHalfCpltCallback                      build/debug/Drivers/STM32F0xx_HAL_Driver/Src/stm32f0xx_hal_adc.o
HAL_ADC_DeInit                                    build/debug/Drivers/STM32F0xx_HAL_Driver/Src/stm32f0xx_hal_adc.o
HAL_ADC_ErrorCallback                             build/debug/Drivers/STM32F0xx_HAL_Driver/Src/stm32f0xx_hal_adc.o
HAL_ADC_GetError                                  build/debug/Drivers/STM32F0xx_HAL_Driver/Src/stm32f0xx_hal_adc.o
HAL_ADC_GetState                                  build/debug/Drivers/STM32F0xx_HAL_Driver/Src/stm32f0xx_hal_adc.o
HAL_ADC_GetValue                                  build/debug/Drivers/STM32F0xx_HAL_Driver/Src/stm32f0xx_hal_adc.o
                                                  build/debug/Core/Src/main.o
HAL_ADC_IRQHandler                                build/debug/Drivers/STM32F0xx_HAL_Driver/Src/stm32f0xx_hal_adc.o
                                                  build/debug/Core/Src/main.o
HAL_ADC_Init                                      build/debug/Drivers/STM32F0xx_HAL_Driver/Src/stm32f0xx_hal_adc.o
                                                  build/debug/Core/Src/main.o
HAL_ADC_LevelOutOfWindowCallback                  build/debug/Drivers/STM32F0xx_HAL_Driver/Src/stm32f0xx_hal_adc.o
HAL_ADC_MspDeInit                                 build/debug/Core/Src/stm32f0xx_hal_msp.o
HAL_ADC_MspInit                                   build/debug/Core/Src/stm32f0xx_hal_msp.o
HAL_ADC_PollForConversion                         build/debug/Drivers/STM32F0xx_HAL_Driver/Src/stm32f0xx_hal_adc.o
                                                  build/debug/Core/Src/main.o
HAL_ADC_PollForEvent                              build/debug/Drivers/STM32F0xx_HAL_Driver/Src/stm32f0xx_hal_adc.o
HAL_ADC_Start                                     build/debug/Drivers/STM32F0xx_HAL_Driver/Src/stm32f0xx_hal_adc.o
                                                  build/debug/Core/Src/main.o
HAL_ADC_Start_DMA                                 build/debug/Drivers/STM32F0xx_HAL_Driver/Src/stm32f0xx_hal_adc.o
HAL_ADC_Start_IT                                  build/debug/Drivers/STM32F0xx_HAL_Driver/Src/stm32f0xx_hal_adc.o
HAL_ADC_Stop                                      build/debug/Drivers/STM32F0xx_HAL_Driver/Src/stm32f0xx_hal_adc.o
                                                  build/debug/Core/Src/main.o
HAL_ADC_Stop_DMA                                  build/debug/Drivers/STM32F0xx_HAL_Driver/Src/stm32f0xx_hal_adc.o
HAL_ADC_Stop_IT                                   build/debug/Drivers/STM32F0xx_HAL_Driver/Src/stm32f0xx_hal_adc.o
HAL_DBGMCU_DisableDBGStandbyMode                  build/debug/Drivers/STM32F0xx_HAL_Driver/Src/stm32f0xx_hal.o
HAL_DBGMCU_DisableDBGStopMode                     build/debug/Drivers/STM32F0xx_HAL_Driver/Src/stm32f0xx_hal.o
HAL_DBGMCU_EnableDBGStandbyMode                   build/debug/Drivers/STM32F0xx_HAL_Driver/Src/stm32f0xx_hal.o
HAL_DBGMCU_EnableDBGStopMode                      build/debug/Drivers/STM32F0xx_HAL_Driver/Src/stm32f0xx_hal.o
HAL_DMA_Abort                                     build/debug/Drivers/STM32F0xx_HAL_Driver/Src/stm32f0xx_hal_dma.o
                                                  build/debug/Drivers/STM32F0xx_HAL_Driver/Src/stm32f0xx_hal_adc.o
HAL_DMA_Abort_IT                                  build/debug/Drivers/STM32F0xx_HAL_Driver/Src/stm32f0xx_hal_dma.o
                                                  build/debug/Drivers/STM32F0xx_HAL_Driver/Src/stm32f0xx_hal_tim_ex.o
                                                  build/debug/Drivers/STM32F0xx_HAL_Driver/Src/stm32f0xx_hal_tim.o
                                                  build/debug/Drivers/STM32F0xx_HAL_Driver/Src/stm32f0xx_hal_i2c.o
HAL_DMA_DeInit                                    build/debug/Drivers/STM32F0xx_HAL_Driver/Src/stm32f0xx_hal_dma.o
HAL_DMA_GetError                                  build/debug/Drivers/STM32F0xx_HAL_Driver/Src/stm32f0xx_hal_dma.o
HAL_DMA_GetState                                  build/debug/Drivers/STM32F0xx_HAL_Driver/Src/stm32f0xx_hal_dma.o
                                                  build/debug/Drivers/STM32F0xx_HAL_Driver/Src/stm32f0xx_hal_i2c.o
HAL_DMA_IRQHandler                                build/debug/Drivers/STM32F0xx_HAL_Driver/Src/stm32f0xx_hal_dma.o
HAL_DMA_Init                                      build/debug/Drivers/STM32F0xx_HAL_Driver/Src/stm32f0xx_hal_dma.o
HAL_DMA_PollForTransfer                           build/debug/Drivers/STM32F0xx_HAL_Driver/Src/stm32f0xx_hal_dma.o
HAL_DMA_RegisterCallback                          build/debug/Drivers/STM32F0xx_HAL_Driver/Src/stm32f0xx_hal_dma.o
HAL_DMA_Start                                     build/debug/Drivers/STM32F0xx_HAL_Driver/Src/stm32f0xx_hal_dma.o
HAL_DMA_Start_IT                                  build/debug/Drivers/STM32F0xx_HAL_Driver/Src/stm32f0xx_hal_dma.o
                                                  build/debug/Drivers/STM32F0xx_HAL_Driver/Src/stm32f0xx_hal_tim_ex.o
                                                  build/debug/Drivers/STM32F0xx_HAL_Driver/Src/stm32f0xx_hal_tim.o
                                                  build/debug/Drivers/STM32F0xx_HAL_Driver/Src/stm32f0xx_hal_i2c.o
                                                  build/debug/Drivers/STM32F0xx_HAL_Driver/Src/stm32f0xx_hal_adc.o
HAL_DMA_UnRegisterCallback                        build/debug/Drivers/STM32F0xx_HAL_Driver/Src/stm32f0xx_hal_dma.o
HAL_DeInit                                        build/debug/Drivers/STM32F0xx_HAL_Driver/Src/stm32f0xx_hal.o
HAL_Delay                                         build/debug/Drivers/STM32F0xx_HAL_Driver/Src/stm32f0xx_hal.o
HAL_FLASHEx_Erase                                 build/debug/Drivers/STM32F0xx_HAL_Driver/Src/stm32f0xx_hal_flash_ex.o
HAL_FLASHEx_Erase_IT                              build/debug/Drivers/STM32F0xx_HAL_Driver/Src/stm32f0xx_hal_flash_ex.o
HAL_FLASHEx_OBErase                               build/debug/Drivers/STM32F0xx_HAL_Driver/Src/stm32f0xx_hal_flash_ex.o
HAL_FLASHEx_OBGetConfig                           build/debug/Drivers/STM32F0xx_HAL_Driver/Src/stm32f0xx_hal_flash_ex.o
HAL_FLASHEx_OBGetUserData                         build/debug/Drivers/STM32F0xx_HAL_Driver/Src/stm32f0xx_hal_flash_ex.o
HAL_FLASHEx_OBProgram                             build/debug/Drivers/STM32F0xx_HAL_Driver/Src/stm32f0xx_hal_flash_ex.o
HAL_FLASH_EndOfOperationCallback                  build/debug/Drivers/STM32F0xx_HAL_Driver/Src/stm32f0xx_hal_flash.o
HAL_FLASH_GetError                                build/debug/Drivers/STM32F0xx_HAL_Driver/Src/stm32f0xx_hal_flash.o
HAL_FLASH_IRQHandler                              build/debug/Drivers/STM32F0xx_HAL_Driver/Src/stm32f0xx_hal_flash.o
HAL_FLASH_Lock                                    build/debug/Drivers/STM32F0xx_HAL_Driver/Src/stm32f0xx_hal_flash.o
HAL_FLASH_OB_Launch                               build/debug/Drivers/STM32F0xx_HAL_Driver/Src/stm32f0xx_hal_flash.o